Archive member included because of file (symbol)

arch/arm/lib/lib.a(ashldi3.o)
                              arch/arm/kernel/built-in.o (__ashldi3)
arch/arm/lib/lib.a(ashrdi3.o)
                              arch/arm/kernel/built-in.o (__ashrdi3)
arch/arm/lib/lib.a(backtrace.o)
                              arch/arm/kernel/built-in.o (__backtrace)
arch/arm/lib/lib.a(changebit.o)
                              arch/arm/kernel/built-in.o (_change_bit_le)
arch/arm/lib/lib.a(clear_user.o)
                              arch/arm/kernel/built-in.o (__clear_user)
arch/arm/lib/lib.a(clearbit.o)
                              arch/arm/kernel/built-in.o (_clear_bit_le)
arch/arm/lib/lib.a(copy_from_user.o)
                              arch/arm/kernel/built-in.o (__copy_from_user)
arch/arm/lib/lib.a(copy_page.o)
                              arch/arm/kernel/built-in.o (copy_page)
arch/arm/lib/lib.a(copy_to_user.o)
                              arch/arm/kernel/built-in.o (__copy_to_user)
arch/arm/lib/lib.a(csumipv6.o)
                              arch/arm/kernel/built-in.o (__csum_ipv6_magic)
arch/arm/lib/lib.a(csumpartial.o)
                              arch/arm/kernel/built-in.o (csum_partial)
arch/arm/lib/lib.a(csumpartialcopy.o)
                              arch/arm/kernel/built-in.o (csum_partial_copy_nocheck)
arch/arm/lib/lib.a(csumpartialcopyuser.o)
                              arch/arm/kernel/built-in.o (csum_partial_copy_from_user)
arch/arm/lib/lib.a(delay.o)   arch/arm/kernel/built-in.o (__udelay)
arch/arm/lib/lib.a(div64.o)   arch/arm/kernel/built-in.o (__do_div64)
arch/arm/lib/lib.a(findbit.o)
                              arch/arm/kernel/built-in.o (_find_first_zero_bit_le)
arch/arm/lib/lib.a(getuser.o)
                              arch/arm/kernel/built-in.o (__get_user_1)
arch/arm/lib/lib.a(io-readsb.o)
                              arch/arm/kernel/built-in.o (__raw_readsb)
arch/arm/lib/lib.a(io-readsl.o)
                              arch/arm/kernel/built-in.o (__raw_readsl)
arch/arm/lib/lib.a(io-readsw-armv4.o)
                              arch/arm/kernel/built-in.o (__raw_readsw)
arch/arm/lib/lib.a(io-writesb.o)
                              arch/arm/kernel/built-in.o (__raw_writesb)
arch/arm/lib/lib.a(io-writesl.o)
                              arch/arm/kernel/built-in.o (__raw_writesl)
arch/arm/lib/lib.a(io-writesw-armv4.o)
                              arch/arm/kernel/built-in.o (__raw_writesw)
arch/arm/lib/lib.a(lib1funcs.o)
                              arch/arm/kernel/built-in.o (__udivsi3)
arch/arm/lib/lib.a(lshrdi3.o)
                              arch/arm/kernel/built-in.o (__lshrdi3)
arch/arm/lib/lib.a(memchr.o)  arch/arm/kernel/built-in.o (memchr)
arch/arm/lib/lib.a(memcpy.o)  init/built-in.o (memcpy)
arch/arm/lib/lib.a(memmove.o)
                              init/built-in.o (memmove)
arch/arm/lib/lib.a(memset.o)  init/built-in.o (memset)
arch/arm/lib/lib.a(memzero.o)
                              init/built-in.o (__memzero)
arch/arm/lib/lib.a(muldi3.o)  arch/arm/kernel/built-in.o (__muldi3)
arch/arm/lib/lib.a(putuser.o)
                              arch/arm/kernel/built-in.o (__put_user_1)
arch/arm/lib/lib.a(setbit.o)  arch/arm/kernel/built-in.o (_set_bit_le)
arch/arm/lib/lib.a(sha1.o)    arch/arm/kernel/built-in.o (sha_transform)
arch/arm/lib/lib.a(strchr.o)  init/built-in.o (strchr)
arch/arm/lib/lib.a(strncpy_from_user.o)
                              arch/arm/kernel/built-in.o (__strncpy_from_user)
arch/arm/lib/lib.a(strnlen_user.o)
                              arch/arm/kernel/built-in.o (__strnlen_user)
arch/arm/lib/lib.a(strrchr.o)
                              arch/arm/kernel/built-in.o (strrchr)
arch/arm/lib/lib.a(testchangebit.o)
                              arch/arm/kernel/built-in.o (_test_and_change_bit_le)
arch/arm/lib/lib.a(testclearbit.o)
                              arch/arm/kernel/built-in.o (_test_and_clear_bit_le)
arch/arm/lib/lib.a(testsetbit.o)
                              arch/arm/kernel/built-in.o (_test_and_set_bit_le)
arch/arm/lib/lib.a(ucmpdi2.o)
                              arch/arm/kernel/built-in.o (__ucmpdi2)
lib/lib.a(argv_split.o)       kernel/built-in.o (argv_free)
lib/lib.a(cmdline.o)          arch/arm/mach-GM/platform-GM8126/built-in.o (memparse)
lib/lib.a(ctype.o)            init/built-in.o (_ctype)
lib/lib.a(dec_and_lock.o)     kernel/built-in.o (_atomic_dec_and_lock)
lib/lib.a(extable.o)          kernel/built-in.o (sort_extable)
lib/lib.a(idr.o)              kernel/built-in.o (idr_init)
lib/lib.a(int_sqrt.o)         mm/built-in.o (int_sqrt)
lib/lib.a(irq_regs.o)         arch/arm/kernel/built-in.o (per_cpu____irq_regs)
lib/lib.a(kobject.o)          fs/built-in.o (kobject_init)
lib/lib.a(kref.o)             lib/lib.a(kobject.o) (kref_init)
lib/lib.a(prio_tree.o)        init/built-in.o (prio_tree_init)
lib/lib.a(proportions.o)      mm/built-in.o (prop_descriptor_init)
lib/lib.a(radix-tree.o)       mm/built-in.o (radix_tree_lookup_slot)
[...]
Memory Configuration

Name             Origin             Length             Attributes
*default*        0x0000000000000000 0xffffffffffffffff

Linker script and memory map

                0x00000000c01ef688                jiffies = jiffies_64

.note.gnu.build-id
                0x0000000000000000       0x24
 .note.gnu.build-id
                0x0000000000000000       0x24 linker stubs
                0x00000000c0008000                . = 0xc0008000

.text.head      0x00000000c0008000      0x240
                0x00000000c0008000                _stext = .
                0x00000000c0008000                _sinittext = .
 *(.text.head)
 .text.head     0x00000000c0008000      0x240 arch/arm/kernel/head.o
                0x00000000c0008000                stext
                0x00000000c0008198                lookup_processor_type
                0x00000000c00081f4                lookup_machine_type

.init           0x00000000c0008240    0x17dc0
 *(.init.text)
 .init.text     0x00000000c0008240     0x5f74 init/built-in.o
                0x00000000c000861c                parse_early_param
                0x00000000c0008688                smp_setup_processor_id
                0x00000000c0008698                thread_info_cache_init
                0x00000000c00086a8                start_kernel
                0x00000000c0008c5c                mount_block_root
                0x00000000c0008ee8                change_floppy
                0x00000000c0008fe4                mount_root
                0x00000000c0009050                prepare_namespace
                0x00000000c000a5f0                rd_load_image
                0x00000000c000b53c                rd_load_disk
                0x00000000c000b698                initrd_load
 .init.text     0x00000000c000e1b4      0x490 arch/arm/mach-GM/platform-GM8126/built-in.o
 *fill*         0x00000000c000e644       0x1c 00
 .init.text     0x00000000c000e660      0xf50 arch/arm/kernel/built-in.o
                0x00000000c000e660                convert_to_tag_list
                0x00000000c000e7f0                squash_mem_tags
                0x00000000c000e840                __kuser_helper_start
                0x00000000c000e8a0                __kuser_helper_end
                0x00000000c000e8a0                __stubs_start
                0x00000000c000eac4                __stubs_end
                0x00000000c000eac4                __vectors_start
                0x00000000c000eae4                __vectors_end
                0x00000000c000eb00                init_IRQ
                0x00000000c000eb88                reboot_setup
                0x00000000c000ee94                setup_arch
                0x00000000c000f498                time_init
                0x00000000c000f4bc                trap_init
                0x00000000c000f4cc                early_trap_init
                0x00000000c000f58c                init_FIQ
 .init.text     0x00000000c000f5b0     0x17d4 arch/arm/mm/built-in.o
                0x00000000c000f678                hook_fault_code
                0x00000000c000f778                bootmem_init
                0x00000000c000fc00                mem_init
                0x00000000c000fe84                check_writebuffer_bugs
                0x00000000c0010210                create_mapping
                0x00000000c00105ac                iotable_init
                0x00000000c00105f0                reserve_node_zero
                0x00000000c001063c                paging_init
 .init.text     0x00000000c0010d84      0x948 arch/arm/mach-GM/built-in.o
                0x00000000c0010d84                ftintc010_cascade_irq
                0x00000000c0010ddc                ftintc010_init
                0x00000000c0010f84                fttmr010_clockevent_init
                0x00000000c00110d4                fttmr010_clocksource_init
                0x00000000c00112d4                __arch_adjust_zones
 .init.text     0x00000000c00116cc     0x1bb0 kernel/built-in.o
                0x00000000c00116cc                sched_init_smp
                0x00000000c001170c                sched_init
                0x00000000c0011954                fork_init
                0x00000000c00119ec                proc_caches_init
                0x00000000c0011e3c                softirq_init
                0x00000000c00120ec                reserve_region_with_split
                0x00000000c0012158                init_timers
                0x00000000c00122c4                signals_init
                0x00000000c0012308                usermodehelper_init
                0x00000000c001235c                init_workqueues
                0x00000000c00123d4                pidhash_init
                0x00000000c0012480                pidmap_init
                0x00000000c0012518                rcu_init
                0x00000000c001252c                sort_main_extable
                0x00000000c0012970                hrtimers_init
                0x00000000c0012b9c                timekeeping_init
                0x00000000c0012d0c                ntp_init
                0x00000000c0012efc                tick_init
                0x00000000c0013108                set_irq_noprobe
                0x00000000c00131a0                set_irq_probe
                0x00000000c0013238                __rcu_init
 .init.text     0x00000000c001327c     0x1e3c mm/built-in.o
                0x00000000c0013b3c                bootmem_bootmap_pages
                0x00000000c0013d90                init_bootmem_node
                0x00000000c0013da8                init_bootmem
                0x00000000c0013dec                free_all_bootmem_node
                0x00000000c0013e04                free_all_bootmem
                0x00000000c0013e24                free_bootmem_node
                0x00000000c0013e60                free_bootmem
                0x00000000c0013e90                reserve_bootmem_node
                0x00000000c0013ecc                reserve_bootmem
                0x00000000c0013efc                __alloc_bootmem_nopanic
                0x00000000c0013f14                __alloc_bootmem
                0x00000000c0013f2c                __alloc_bootmem_node
                0x00000000c0013f54                __alloc_bootmem_node_nopanic
                0x00000000c0013fa0                __alloc_bootmem_low
                0x00000000c0013fb8                __alloc_bootmem_low_node
                0x00000000c0013fe0                set_dma_reserve
                0x00000000c0013ffc                page_alloc_init
                0x00000000c0014064                free_area_init_node
                0x00000000c0014404                free_area_init
                0x00000000c0014428                alloc_large_system_hash
                0x00000000c0014684                page_writeback_init
                0x00000000c0014738                swap_setup
                0x00000000c0014938                anon_vma_init
                0x00000000c00149c0                vmalloc_init
                0x00000000c0014c40                kmem_cache_init
 .init.text     0x00000000c00150b8     0x1610 fs/built-in.o
                0x00000000c00150b8                files_init
                0x00000000c0015104                chrdev_init
                0x00000000c0015224                vfs_caches_init_early
                0x00000000c00152b0                vfs_caches_init
                0x00000000c001542c                inode_init_early
                0x00000000c00154b4                inode_init
                0x00000000c0015574                files_defer_init
                0x00000000c0015620                mnt_init
                0x00000000c0015820                buffer_init
                0x00000000c0015964                bdev_cache_init
                0x00000000c0015dac                proc_init_inodecache
                0x00000000c0015df4                proc_root_init
                0x00000000c0015ec0                proc_tty_init
                0x00000000c00161a8                proc_sys_init
                0x00000000c0016288                proc_net_init
                0x00000000c001635c                sysfs_inode_init
                0x00000000c0016378                sysfs_init
                0x00000000c0016528                init_rootfs
 .init.text     0x00000000c00166c8      0x1d8 ipc/built-in.o
                0x00000000c00166f4                ipc_init_proc_interface
                0x00000000c0016768                msg_init
                0x00000000c00167b8                sem_init
                0x00000000c0016820                shm_init
 .init.text     0x00000000c00168a0      0x568 block/built-in.o
                0x00000000c00168fc                blk_dev_init
                0x00000000c0016a28                blk_softirq_init
                0x00000000c0016b34                printk_all_partitions
 .init.text     0x00000000c0016e08       0x48 lib/lib.a(idr.o)
                0x00000000c0016e08                idr_init_cache
 .init.text     0x00000000c0016e50       0x48 lib/lib.a(prio_tree.o)
                0x00000000c0016e50                prio_tree_init
 .init.text     0x00000000c0016e98       0x80 lib/lib.a(radix-tree.o)
                0x00000000c0016e98                radix_tree_init
 .init.text     0x00000000c0016f18       0xd8 lib/built-in.o
 .init.text     0x00000000c0016ff0     0x2220 drivers/built-in.o
                0x00000000c0017034                gpiochip_reserve
                0x00000000c0017364                console_init
                0x00000000c001789c                uart_get_console
                0x00000000c0017ca4                early_serial_setup
                0x00000000c0017e38                setup_early_serial8250_console
                0x00000000c00181d4                devices_init
                0x00000000c0018294                system_bus_init
                0x00000000c00182dc                buses_init
                0x00000000c001831c                classes_init
                0x00000000c0018358                platform_bus_init
                0x00000000c001839c                cpu_dev_init
                0x00000000c00183f0                firmware_init
                0x00000000c0018428                driver_init
                0x00000000c0018bb4                spi_register_board_info
                0x00000000c0018ee0                rtc_dev_init
                0x00000000c0018f28                rtc_sysfs_init
                0x00000000c0018f44                i2c_register_board_info
 .init.text     0x00000000c0019210     0x2828 net/built-in.o
                0x00000000c00192c8                sk_init
                0x00000000c0019328                skb_init
                0x00000000c00197cc                netdev_boot_setup
                0x00000000c0019908                dev_mcast_init
                0x00000000c0019924                dst_init
                0x00000000c00199cc                rtnetlink_init
                0x00000000c0019e98                netfilter_init
                0x00000000c0019f4c                netfilter_log_init
                0x00000000c0019f9c                netfilter_queue_init
                0x00000000c001a1ec                ip_rt_init
                0x00000000c001a354                ip_static_sysctl_init
                0x00000000c001a378                inet_initpeers
                0x00000000c001a444                ipfrag_init
                0x00000000c001a4dc                ip_init
                0x00000000c001a538                tcp_init
                0x00000000c001a81c                tcp4_proc_init
                0x00000000c001a838                tcp_v4_init
                0x00000000c001a8b4                raw_proc_init
                0x00000000c001a8d0                raw_proc_exit
                0x00000000c001a8ec                udp4_proc_init
                0x00000000c001a908                udp_init
                0x00000000c001a974                udplite4_register
                0x00000000c001aa38                arp_init
                0x00000000c001ab70                icmp_init
                0x00000000c001acfc                devinet_init
                0x00000000c001b154                igmp_mc_proc_init
                0x00000000c001b2e4                ip_fib_init
                0x00000000c001b46c                fib_hash_init
                0x00000000c001b4d0                fib_proc_init
                0x00000000c001b5a8                ip_misc_proc_init
                0x00000000c001b738                xfrm4_init
                0x00000000c001b758                xfrm4_state_init
                0x00000000c001b774                xfrm_init
                0x00000000c001b864                xfrm_state_init
                0x00000000c001b8f4                xfrm_input_init
 *(.devinit.text)
 .devinit.text  0x00000000c001ba38      0x698 drivers/built-in.o
 *(.cpuinit.text)
 .cpuinit.text  0x00000000c001c0d0      0x174 init/built-in.o
                0x00000000c001c0d0                calibrate_delay
 .cpuinit.text  0x00000000c001c244      0x4a4 kernel/built-in.o
                0x00000000c001c244                init_idle_bootup_task
                0x00000000c001c260                init_idle
                0x00000000c001c368                idle_regs
                0x00000000c001c388                fork_idle
 .cpuinit.text  0x00000000c001c6e8      0x588 mm/built-in.o
 .cpuinit.text  0x00000000c001cc70       0x44 drivers/built-in.o
                0x00000000c001cc70                register_cpu
 *(.meminit.text)
 .meminit.text  0x00000000c001ccb4      0x228 mm/built-in.o
                0x00000000c001ccb4                init_currently_empty_zone
                0x00000000c001cd60                __free_pages_bootmem
                0x00000000c001cdec                memmap_init_zone
                0x00000000c001cedc                _einittext = .
                0x00000000c001cedc                __proc_info_begin = .
 *(.proc.info.init)
 .proc.info.init
                0x00000000c001cedc       0x34 arch/arm/mm/built-in.o
                0x00000000c001cf10                __proc_info_end = .
                0x00000000c001cf10                __arch_info_begin = .
 *(.arch.info.init)
 .arch.info.init
                0x00000000c001cf10       0x34 arch/arm/mach-GM/platform-GM8126/built-in.o
                0x00000000c001cf44                __arch_info_end = .
                0x00000000c001cf44                __tagtable_begin = .
 *(.taglist.init)
 .taglist.init  0x00000000c001cf44       0x30 arch/arm/kernel/built-in.o
 .taglist.init  0x00000000c001cf74       0x10 arch/arm/mm/built-in.o
                0x00000000c001cf84                __tagtable_end = .
                0x00000000c001cf90                . = ALIGN (0x10)
 *fill*         0x00000000c001cf84        0xc 00
                0x00000000c001cf90                __setup_start = .
 *(.init.setup)
 .init.setup    0x00000000c001cf90       0xe4 init/built-in.o
 .init.setup    0x00000000c001d074       0x24 arch/arm/kernel/built-in.o
 .init.setup    0x00000000c001d098       0x18 arch/arm/mm/built-in.o
 .init.setup    0x00000000c001d0b0       0xa8 kernel/built-in.o
 .init.setup    0x00000000c001d158       0x24 mm/built-in.o
 .init.setup    0x00000000c001d17c       0x18 fs/built-in.o
 .init.setup    0x00000000c001d194        0xc block/built-in.o
 .init.setup    0x00000000c001d1a0       0x30 drivers/built-in.o
 .init.setup    0x00000000c001d1d0       0x30 net/built-in.o
                0x00000000c001d200                __setup_end = .
                0x00000000c001d200                __early_begin = .
 *(.early_param.init)
 .early_param.init
                0x00000000c001d200        0x8 arch/arm/kernel/built-in.o
 .early_param.init
                0x00000000c001d208       0x30 arch/arm/mm/built-in.o
                0x00000000c001d238                __early_end = .
                0x00000000c001d238                __initcall_start = .
 *(.initcallearly.init)
 .initcallearly.init
                0x00000000c001d238        0x4 kernel/built-in.o
                0x00000000c001d23c                __early_initcall_end = .
 *(.initcall0.init)
 .initcall0.init
                0x00000000c001d23c        0x4 net/built-in.o
 *(.initcall0s.init)
 *(.initcall1.init)
 .initcall1.init
                0x00000000c001d240        0x4 arch/arm/kernel/built-in.o
 .initcall1.init
                0x00000000c001d244        0x4 arch/arm/mm/built-in.o
 .initcall1.init
                0x00000000c001d248        0x4 arch/arm/mach-GM/built-in.o
 .initcall1.init
                0x00000000c001d24c        0xc kernel/built-in.o
 .initcall1.init
                0x00000000c001d258       0x10 fs/built-in.o
 .initcall1.init
                0x00000000c001d268        0x4 lib/built-in.o
 .initcall1.init
                0x00000000c001d26c        0x8 net/built-in.o
 *(.initcall1s.init)
 *(.initcall2.init)
 .initcall2.init
                0x00000000c001d274        0x4 mm/built-in.o
 .initcall2.init
                0x00000000c001d278        0xc drivers/built-in.o
 *(.initcall2s.init)
 *(.initcall3.init)
 .initcall3.init
                0x00000000c001d284        0x4 arch/arm/mach-GM/platform-GM8126/built-in.o
 .initcall3.init
                0x00000000c001d288        0x4 arch/arm/kernel/built-in.o
 .initcall3.init
                0x00000000c001d28c        0x8 arch/arm/mach-GM/built-in.o
 *(.initcall3s.init)
 *(.initcall4.init)
 .initcall4.init
                0x00000000c001d294        0x4 arch/arm/kernel/built-in.o
 .initcall4.init
                0x00000000c001d298        0x4 kernel/built-in.o
 .initcall4.init
                0x00000000c001d29c        0x4 mm/built-in.o
 .initcall4.init
                0x00000000c001d2a0        0x4 fs/built-in.o
 .initcall4.init
                0x00000000c001d2a4       0x10 block/built-in.o
 .initcall4.init
                0x00000000c001d2b4       0x1c drivers/built-in.o
 .initcall4.init
                0x00000000c001d2d0       0x14 net/built-in.o
 *(.initcall4s.init)
 *(.initcall5.init)
 .initcall5.init
                0x00000000c001d2e4        0x4 arch/arm/mm/built-in.o
 .initcall5.init
                0x00000000c001d2e8        0x4 kernel/built-in.o
 .initcall5.init
                0x00000000c001d2ec       0x10 fs/built-in.o
 .initcall5.init
                0x00000000c001d2fc        0x8 drivers/built-in.o
 .initcall5.init
                0x00000000c001d304        0x8 net/built-in.o
 *(.initcall5s.init)
 *(.initcallrootfs.init)
 .initcallrootfs.init
                0x00000000c001d30c        0x4 init/built-in.o
 *(.initcall6.init)
 .initcall6.init
                0x00000000c001d310        0x4 arch/arm/mach-GM/platform-GM8126/built-in.o
 .initcall6.init
                0x00000000c001d314        0x4 arch/arm/kernel/built-in.o
 .initcall6.init
                0x00000000c001d318       0x34 kernel/built-in.o
 .initcall6.init
                0x00000000c001d34c       0x28 mm/built-in.o
 .initcall6.init
                0x00000000c001d374       0x70 fs/built-in.o
 .initcall6.init
                0x00000000c001d3e4        0x8 ipc/built-in.o
 .initcall6.init
                0x00000000c001d3ec       0x14 block/built-in.o
 .initcall6.init
                0x00000000c001d400       0x48 drivers/built-in.o
 .initcall6.init
                0x00000000c001d448       0x2c net/built-in.o
 *(.initcall6s.init)
 *(.initcall7.init)
 .initcall7.init
                0x00000000c001d474        0xc kernel/built-in.o
 .initcall7.init
                0x00000000c001d480        0x4 lib/built-in.o
 .initcall7.init
                0x00000000c001d484        0x4 drivers/built-in.o
 .initcall7.init
                0x00000000c001d488        0x4 net/built-in.o
 *(.initcall7s.init)
                0x00000000c001d48c                __initcall_end = .
                0x00000000c001d48c                __con_initcall_start = .
 *(.con_initcall.init)
 .con_initcall.init
                0x00000000c001d48c        0x4 drivers/built-in.o
                0x00000000c001d490                __con_initcall_end = .
                0x00000000c001d490                __security_initcall_start = .
 *(.security_initcall.init)
                0x00000000c001d490                __security_initcall_end = .
                0x00000000c001d4a0                . = ALIGN (0x20)
 *fill*         0x00000000c001d490       0x10 00
                0x00000000c001d4a0                __initramfs_start = .
 usr/built-in.o(.init.ramfs)
 .init.ramfs    0x00000000c001d4a0       0x86 usr/built-in.o
                0x00000000c001d526                __initramfs_end = .
                0x00000000c001e000                . = ALIGN (0x1000)
 *fill*         0x00000000c001d526      0xada 00
                0x00000000c001e000                __per_cpu_start = .
 *(.data.percpu)
 *(.data.percpu.shared_aligned)
                0x00000000c001e000                __per_cpu_end = .
                0x00000000c0008000                __init_begin = _stext
 *(.init.data)
 .init.data     0x00000000c001e000      0xa55 init/built-in.o
                0x00000000c001e404                boot_command_line
                0x00000000c001e844                rd_doload
                0x00000000c001e8d8                rd_prompt
                0x00000000c001e8dc                rd_image_start
 *fill*         0x00000000c001ea55        0x3 00
 .init.data     0x00000000c001ea58      0x1f0 arch/arm/mach-GM/platform-GM8126/built-in.o
                0x00000000c001ea58                platform_io_desc
 .init.data     0x00000000c001ec48      0x8b8 arch/arm/kernel/built-in.o
                0x00000000c001ec48                init_arch_irq
                0x00000000c001f4fc                __atags_pointer
 .init.data     0x00000000c001f500      0x110 arch/arm/mm/built-in.o
                0x00000000c001f5b4                fa_cache_fns
                0x00000000c001f5d8                fa_user_fns
                0x00000000c001f5e0                fa_tlb_fns
 .init.data     0x00000000c001f610       0xa4 kernel/built-in.o
 .init.data     0x00000000c001f6b4      0x368 mm/built-in.o
                0x00000000c001f6d8                initkmem_list3
 .init.data     0x00000000c001fa1c       0x38 fs/built-in.o
 .init.data     0x00000000c001fa54        0xa block/built-in.o
 *fill*         0x00000000c001fa5e        0x2 00
 .init.data     0x00000000c001fa60       0xa0 drivers/built-in.o
 .init.data     0x00000000c001fb00      0x1a0 net/built-in.o
 *(.devinit.data)
 *(.devinit.rodata)
 *(.cpuinit.data)
 .cpuinit.data  0x00000000c001fca0       0x34 kernel/built-in.o
 *(.cpuinit.rodata)
 *(.meminit.data)
 .meminit.data  0x00000000c001fcd4        0xc mm/built-in.o
                0x00000000c001fcd8                nr_kernel_pages
                0x00000000c001fcdc                nr_all_pages
 *(.meminit.rodata)
                0x00000000c001fce0                __start___verbose_strings = .
 *(__verbose_strings)
                0x00000000c001fce0                __stop___verbose_strings = .
                0x00000000c001fce0                . = ALIGN (0x8)
                0x00000000c001fce0                __start___verbose = .
 *(__verbose)
                0x00000000c001fce0                __stop___verbose = .
                0x00000000c0020000                . = ALIGN (0x1000)
 *fill*         0x00000000c001fce0      0x320 00
                0x00000000c0020000                __init_end = .

.discard        0x00000000c0020000      0xb8c
 *(.exit.text)
 .exit.text     0x00000000c0020000       0x5c arch/arm/mach-GM/built-in.o
                0x00000000c0020000                fa_cleanup_ahb_dma
 .exit.text     0x00000000c002005c       0x20 kernel/built-in.o
 .exit.text     0x00000000c002007c      0x204 fs/built-in.o
 .exit.text     0x00000000c0020280       0xf8 block/built-in.o
 .exit.text     0x00000000c0020378      0x47c drivers/built-in.o
                0x00000000c00206e8                rtc_dev_exit
 .exit.text     0x00000000c00207f4      0x15c net/built-in.o
 *(.devexit.text)
 .devexit.text  0x00000000c0020950      0x174 drivers/built-in.o
 *(.cpuexit.text)
 *(.memexit.text)
 *(.exit.data)
 *(.devexit.data)
 *(.devexit.rodata)
 *(.cpuexit.data)
 *(.cpuexit.rodata)
 *(.memexit.data)
 *(.memexit.rodata)
 *(.exitcall.exit)
 .exitcall.exit
                0x00000000c0020ac4        0x4 arch/arm/mach-GM/platform-GM8126/built-in.o
 .exitcall.exit
                0x00000000c0020ac8        0x4 kernel/built-in.o
 .exitcall.exit
                0x00000000c0020acc       0x3c fs/built-in.o
 .exitcall.exit
                0x00000000c0020b08       0x10 block/built-in.o
 .exitcall.exit
                0x00000000c0020b18       0x50 drivers/built-in.o
 .exitcall.exit
                0x00000000c0020b68       0x24 net/built-in.o

.text           0x00000000c0020ba0   0x1b48a8
                0x00000000c0020ba0                _text = .
                0x00000000c0020ba0                __exception_text_start = .
 *(.exception.text)
 .exception.text
                0x00000000c0020ba0      0x21c arch/arm/kernel/built-in.o
                0x00000000c0020ba0                asm_do_IRQ
                0x00000000c0020c24                do_undefinstr
 .exception.text
                0x00000000c0020dbc       0xb8 arch/arm/mm/built-in.o
                0x00000000c0020dbc                do_DataAbort
                0x00000000c0020e58                do_PrefetchAbort
                0x00000000c0020e74                __exception_text_end = .
                0x00000000c0020e78                . = ALIGN (0x8)
 *fill*         0x00000000c0020e74        0x4 00
 *(.text.hot)
 *(.text)
 .text          0x00000000c0020e78        0x0 usr/built-in.o
 .text          0x00000000c0020e78        0x0 arch/arm/kernel/head.o
 .text          0x00000000c0020e78        0x0 arch/arm/kernel/init_task.o
 .text          0x00000000c0020e78      0x4f4 init/built-in.o
                0x00000000c0020f84                do_one_initcall
                0x00000000c0021114                name_to_dev_t
 .text          0x00000000c002136c      0x9c8 arch/arm/mach-GM/platform-GM8126/built-in.o
                0x00000000c00217ac                pmu_get_apb_clk
                0x00000000c00217c4                video_gettime_max_ms
                0x00000000c0021844                video_gettime_max_hz
                0x00000000c0021878                video_gettime_us
                0x00000000c00218dc                video_gettime_ms
                0x00000000c0021940                platform_get_memory
                0x00000000c002195c                platform_get_gmmemory
                0x00000000c0021a78                ftssp010_spi_get_hw_platform
                0x00000000c0021d18                ftssp010_spi_free_hw_platform
 *fill*         0x00000000c0021d34        0xc 00
 .text          0x00000000c0021d40     0x4b8c arch/arm/kernel/built-in.o
                0x00000000c0021d40                elf_check_arch
                0x00000000c0021de4                arm_elf_read_implies_exec
                0x00000000c0021e14                elf_set_personality
                0x00000000c00223a0                ret_from_exception
                0x00000000c00223b0                __switch_to
                0x00000000c0022474                ret_to_user
                0x00000000c00224a0                ret_from_fork
                0x00000000c00224e0                vector_swi
                0x00000000c00225a4                sys_call_table
                0x00000000c0022be8                pabort_ifar
                0x00000000c0022bec                pabort_noifar
                0x00000000c0022c00                show_interrupts
                0x00000000c0022da0                set_irq_flags
                0x00000000c0022e78                disable_hlt
                0x00000000c0022e9c                enable_hlt
                0x00000000c0022ec0                kernel_thread
                0x00000000c0022f3c                dump_fpu
                0x00000000c0022fdc                arm_machine_restart
                0x00000000c00230e0                cpu_idle
                0x00000000c0023168                machine_halt
                0x00000000c0023178                machine_power_off
                0x00000000c00231a0                machine_restart
                0x00000000c00231c4                __show_regs
                0x00000000c00233c0                show_regs
                0x00000000c0023410                exit_thread
                0x00000000c0023420                flush_thread
                0x00000000c0023478                release_thread
                0x00000000c002349c                copy_thread
                0x00000000c002350c                get_wchan
                0x00000000c002369c                ptrace_set_bpt
                0x00000000c0023ae4                ptrace_cancel_bpt
                0x00000000c0023c18                ptrace_disable
                0x00000000c0023c38                ptrace_break
                0x00000000c0023cbc                arch_ptrace
                0x00000000c00240bc                syscall_trace
                0x00000000c00241ac                cpu_architecture
                0x00000000c002445c                cpu_init
                0x00000000c0024d70                sys_sigsuspend
                0x00000000c0024e3c                sys_rt_sigsuspend
                0x00000000c0024f70                sys_sigaction
                0x00000000c00250a4                sys_sigreturn
                0x00000000c0025144                sys_rt_sigreturn
                0x00000000c00251fc                do_notify_resume
                0x00000000c0025230                kernel_execve
                0x00000000c00252bc                do_mmap2
                0x00000000c0025388                old_mmap
                0x00000000c00254b4                sys_arm_mremap
                0x00000000c0025550                old_select
                0x00000000c00255d4                sys_fork
                0x00000000c002560c                sys_clone
                0x00000000c0025648                sys_vfork
                0x00000000c0025684                sys_execve
                0x00000000c00256e0                sys_arm_fadvise64_64
                0x00000000c0025708                walk_stackframe
                0x00000000c0025768                save_time_delta
                0x00000000c002579c                restore_time_delta
                0x00000000c00257dc                abort
                0x00000000c00257ec                __readwrite_bug
                0x00000000c002580c                __bug
                0x00000000c0025944                __bad_xchg
                0x00000000c002596c                __div0
                0x00000000c002598c                dump_backtrace_entry
                0x00000000c00259f0                show_stack
                0x00000000c0025a40                die
                0x00000000c0025d6c                arm_notify_die
                0x00000000c0025dc0                register_undef_hook
                0x00000000c0025e30                unregister_undef_hook
                0x00000000c0025eac                do_unexp_fiq
                0x00000000c0025ed4                bad_mode
                0x00000000c0025f28                arm_syscall
                0x00000000c00261e4                baddataabort
                0x00000000c002623c                __pte_error
                0x00000000c002626c                __pmd_error
                0x00000000c002629c                __pgd_error
                0x00000000c00262cc                set_fiq_regs
                0x00000000c00262f8                get_fiq_regs
                0x00000000c0026324                claim_fiq
                0x00000000c0026388                disable_fiq
                0x00000000c002639c                enable_fiq
                0x00000000c00263b0                release_fiq
                0x00000000c0026418                set_fiq_handler
                0x00000000c002649c                show_fiq_list
                0x00000000c00264d4                module_alloc
                0x00000000c0026530                module_free
                0x00000000c0026548                module_frob_arch_sections
                0x00000000c002655c                apply_relocate
                0x00000000c0026808                apply_relocate_add
                0x00000000c0026830                module_finalize
                0x00000000c0026844                module_arch_cleanup
                0x00000000c0026854                _memcpy_fromio
                0x00000000c002687c                _memcpy_toio
                0x00000000c00268a4                _memset_io
 *fill*         0x00000000c00268cc       0x14 00
 .text          0x00000000c00268e0     0x3540 arch/arm/mm/built-in.o
                0x00000000c00268e0                dma_sync_sg_for_cpu
                0x00000000c0026910                dma_unmap_sg
                0x00000000c0026940                dma_consistent_sync
                0x00000000c0026988                dma_cache_maint
                0x00000000c0026a10                dma_sync_sg_for_device
                0x00000000c0026a94                dma_map_sg
                0x00000000c0026ba0                dma_free_coherent
                0x00000000c0027018                dma_mmap_writecombine
                0x00000000c0027044                dma_mmap_coherent
                0x00000000c00274f4                dma_alloc_writecombine
                0x00000000c0027528                dma_alloc_coherent
                0x00000000c002758c                fixup_exception
                0x00000000c00275d0                show_pte
                0x00000000c00279c0                do_bad_area
                0x00000000c0027ae0                show_mem
                0x00000000c0027cd0                free_initmem
                0x00000000c0027da8                free_initrd_mem
                0x00000000c0027e90                ioport_map
                0x00000000c0027ea0                ioport_unmap
                0x00000000c0027eb0                update_mmu_cache
                0x00000000c0028014                flush_cache_mm
                0x00000000c0028034                flush_cache_range
                0x00000000c0028054                flush_cache_page
                0x00000000c002806c                flush_ptrace_access
                0x00000000c00280b0                __flush_dcache_page
                0x00000000c002812c                flush_dcache_page
                0x00000000c00281c0                __flush_anon_page
                0x00000000c002822c                __check_kvm_seq
                0x00000000c0028380                __iounmap
                0x00000000c0028460                __arm_ioremap_pfn
                0x00000000c0028758                __arm_ioremap
                0x00000000c00287b0                arch_get_unmapped_area
                0x00000000c0028980                valid_phys_addr_range
                0x00000000c00289b0                valid_mmap_phys_addr_range
                0x00000000c00289d0                get_pgd_slow
                0x00000000c0028ab8                free_pgd_slow
                0x00000000c0028bc4                adjust_cr
                0x00000000c0028c30                get_mem_type
                0x00000000c0028c54                setup_mm_for_reboot
                0x00000000c0029aa0                v5t_early_abort
                0x00000000c0029b00                fa_flush_kern_cache_all
                0x00000000c0029b00                fa_flush_user_cache_all
                0x00000000c0029b24                fa_flush_user_cache_range
                0x00000000c0029b6c                fa_flush_kern_dcache_page
                0x00000000c0029b70                fa_dma_flush_range
                0x00000000c0029b70                fa_coherent_user_range
                0x00000000c0029b70                fa_coherent_kern_range
                0x00000000c0029ba0                fa_dma_inv_range
                0x00000000c0029bcc                fa_dma_clean_range
                0x00000000c0029bf0                fa_copy_user_page
                0x00000000c0029c30                fa_clear_user_page
                0x00000000c0029c70                fa_flush_user_tlb_range
                0x00000000c0029cc8                fa_flush_kern_tlb_range
                0x00000000c0029d00                cpu_fa626te_proc_init
                0x00000000c0029d04                cpu_fa626te_proc_fin
                0x00000000c0029d30                cpu_fa626te_reset
                0x00000000c0029d60                cpu_fa626te_do_idle
                0x00000000c0029d68                cpu_fa626te_dcache_clean_area
                0x00000000c0029d80                fault_address
                0x00000000c0029d84                cpu_fa626te_switch_mm
                0x00000000c0029dc0                cpu_fa626te_set_pte_ext
 .text          0x00000000c0029e20     0x44b8 arch/arm/mach-GM/built-in.o
                0x00000000c002a0dc                ftpmu010_get_attr
                0x00000000c002a148                ftpmu010_read_reg
                0x00000000c002a168                ftpmu010_pins_is_requested
                0x00000000c002a264                ftpmu010_bits_is_locked
                0x00000000c002a368                ftpmu010_del_lockbits
                0x00000000c002a47c                ftpmu010_release_pins
                0x00000000c002a670                ftpmu010_request_pins
                0x00000000c002aad0                ftpmu010_clock_divisor
                0x00000000c002ab6c                ftpmu010_update_lockbits
                0x00000000c002ad40                ftpmu010_add_lockbits
                0x00000000c002b15c                ftpmu010_write_reg
                0x00000000c002b2cc                ftpmu010_clokgate_on
                0x00000000c002b388                ftpmu010_deregister_reg
                0x00000000c002b488                ftpmu010_deregister_attr
                0x00000000c002b578                ftpmu010_register_reg
                0x00000000c002ba34                ftpmu010_register_attr
                0x00000000c002bb64                ftpmu010_init
                0x00000000c002bf24                fa_ahb_dma_all_done
                0x00000000c002bf5c                fa_ahb_dma_get_irq
                0x00000000c002bfd4                fa_ahb_dma_get_dest_addr
                0x00000000c002bffc                fa_ahb_dma_get_src_addr
                0x00000000c002c024                fa_ahb_dma_add
                0x00000000c002c2e0                fa_ahb_dma_add_auto
                0x00000000c002c548                fa_ahb_dma_clear_llp_idx
                0x00000000c002c574                fa_ahb_dma_get_status
                0x00000000c002c5f4                fa_get_ahb_dma_params
                0x00000000c002c618                fa_set_ahb_dma_usual_params
                0x00000000c002c644                fa_set_ahb_dma_transfer_params
                0x00000000c002c680                fa_set_ahb_dma_transfer_params2
                0x00000000c002c714                fa_set_ahb_dma_transfer_bs
                0x00000000c002c738                fa_set_ahb_dma_src_params
                0x00000000c002c76c                fa_set_ahb_dma_dst_params
                0x00000000c002c7a0                fa_set_ahb_dma_cfg_params
                0x00000000c002c7d4                fa_ahb_dma_start
                0x00000000c002c814                fa_ahb_dma_clear_int
                0x00000000c002c854                fa_ahb_dma_reset2
                0x00000000c002c8a8                fa_ahb_dma_stop
                0x00000000c002c904                fa_ahb_dma_resume
                0x00000000c002c934                fa_ahb_dma_pause
                0x00000000c002c964                fa_ahb_dma_priority_set
                0x00000000c002c9a0                fa_ahb_dma_set_llp
                0x00000000c002ca74                fa_set_ahb_llp_address
                0x00000000c002cbe4                fa_ahb_set_dma_sg
                0x00000000c002cd74                fa_ahb_free_llp_mem
                0x00000000c002cdd0                fa_ahb_dma_reset
                0x00000000c002ce6c                fa_free_ahb_dma
                0x00000000c002cf6c                fa_request_ahb_dma_ch
                0x00000000c002d104                fa_request_ahb_dma_auto
                0x00000000c002d2a4                fa_ahb_dma_init
                0x00000000c002d40c                fa_ahb_dma_add_no_extrahead
                0x00000000c002d6b8                fa_ahb_dma_cloop_llp_init
                0x00000000c002d990                fmem_get_pageinfo
                0x00000000c002d9ac                fmem_alloc_ex
                0x00000000c002dc00                get_first_last_page
                0x00000000c002dc90                check_memory_hole
                0x00000000c002ddd4                remove_page_node
                0x00000000c002de64                fmem_give_pages
                0x00000000c002e02c                get_mem_nodeshift
                0x00000000c002e094                fmem_get_ddr0_szbits
                0x00000000c002e0a8                fmem_get_ddr0_mask
                0x00000000c002e0c4                fmem_local_map_nr
                0x00000000c002e0e8                fmem_pfn_to_nid
                0x00000000c002e108                fmem_free_ex
                0x00000000c002e1d4                fmem_kvaddr_to_nid
                0x00000000c002e1f4                CheckTxStatus
                0x00000000c002e220                debug_printk
 .text          0x00000000c002e2d8    0x31e04 kernel/built-in.o
                0x00000000c002e660                task_nice
                0x00000000c002e7f4                can_nice
                0x00000000c002ef98                set_user_nice
                0x00000000c002f290                default_wake_function
                0x00000000c002f2a8                wake_up_process
                0x00000000c002f2c4                cond_resched_lock
                0x00000000c002faf8                sched_setscheduler
                0x00000000c002fbf0                completion_done
                0x00000000c002fc6c                try_wait_for_completion
                0x00000000c002fcf4                complete_all
                0x00000000c002fd78                complete
                0x00000000c002fdfc                __wake_up_sync
                0x00000000c002fe78                __wake_up
                0x00000000c0030970                runqueue_is_locked
                0x00000000c00309bc                task_rq_unlock_wait
                0x00000000c00309cc                task_curr
                0x00000000c00309f4                wake_up_state
                0x00000000c0030a0c                sched_fork
                0x00000000c0030ab8                wake_up_new_task
                0x00000000c0030bf8                schedule_tail
                0x00000000c0030c60                nr_running
                0x00000000c0030c7c                nr_uninterruptible
                0x00000000c0030c9c                nr_context_switches
                0x00000000c0030cbc                nr_iowait
                0x00000000c0030cd8                nr_active
                0x00000000c0030d04                task_delta_exec
                0x00000000c0030dc4                account_user_time
                0x00000000c0030e68                account_user_time_scaled
                0x00000000c0030e84                account_system_time
                0x00000000c0031054                account_system_time_scaled
                0x00000000c0031070                account_steal_time
                0x00000000c003113c                task_utime
                0x00000000c00311ac                task_stime
                0x00000000c00311fc                task_gtime
                0x00000000c0031210                scheduler_tick
                0x00000000c00312e4                __wake_up_locked
                0x00000000c0031310                rt_mutex_setprio
                0x00000000c00314d8                sys_nice
                0x00000000c003157c                task_prio
                0x00000000c0031594                idle_cpu
                0x00000000c00315c0                idle_task
                0x00000000c00315dc                sched_setscheduler_nocheck
                0x00000000c00315f4                sys_sched_setscheduler
                0x00000000c0031618                sys_sched_setparam
                0x00000000c0031634                sys_sched_getscheduler
                0x00000000c00316a8                sys_sched_getparam
                0x00000000c0031784                sched_setaffinity
                0x00000000c00318f8                sys_sched_setaffinity
                0x00000000c00319ac                sched_getaffinity
                0x00000000c0031a30                sys_sched_getaffinity
                0x00000000c0031ab0                sys_sched_yield
                0x00000000c0031b10                sys_sched_get_priority_max
                0x00000000c0031b38                sys_sched_get_priority_min
                0x00000000c0031b60                sys_sched_rr_get_interval
                0x00000000c0031cd0                sched_show_task
                0x00000000c0031d9c                show_state_filter
                0x00000000c0031e4c                in_sched_functions
                0x00000000c0031e88                sched_rt_handler
                0x00000000c00320a8                get_task_mm
                0x00000000c00321dc                copy_fs_struct
                0x00000000c003220c                __mmdrop
                0x00000000c0032250                mmput
                0x00000000c0032354                free_task
                0x00000000c0032390                __put_task_struct
                0x00000000c0032514                nr_processes
                0x00000000c0032530                arch_dup_task_struct
                0x00000000c003254c                mm_alloc
                0x00000000c0032590                mm_release
                0x00000000c0032630                dup_mm
                0x00000000c0032a30                __cleanup_sighand
                0x00000000c0032a78                __cleanup_signal
                0x00000000c0033884                sys_set_tid_address
                0x00000000c00338b4                do_fork
                0x00000000c0033b68                sys_unshare
                0x00000000c0033de8                unshare_files
                0x00000000c0033f60                unregister_exec_domain
                0x00000000c0034018                register_exec_domain
                0x00000000c00340d8                __set_personality
                0x00000000c0034400                sys_personality
                0x00000000c003446c                test_taint
                0x00000000c003465c                add_taint
                0x00000000c0034688                warn_slowpath
                0x00000000c0034704                warn_on_slowpath
                0x00000000c0034768                print_tainted
                0x00000000c0034828                get_taint
                0x00000000c0034844                oops_may_print
                0x00000000c0034868                oops_enter
                0x00000000c0034880                oops_exit
                0x00000000c0034a24                printk_timed_ratelimit
                0x00000000c0034a88                printk_ratelimit
                0x00000000c0034aa4                try_acquire_console_sem
                0x00000000c0034adc                release_console_sem
                0x00000000c0034cfc                acquire_console_sem
                0x00000000c0034d6c                unregister_console
                0x00000000c0034e28                console_start
                0x00000000c0034e50                console_stop
                0x00000000c0034e78                vprintk
                0x00000000c00351e8                register_console
                0x00000000c0035508                console_print
                0x00000000c00355d8                early_printk
                0x00000000c00355f0                do_syslog
                0x00000000c0035b18                sys_syslog
                0x00000000c0035b2c                add_preferred_console
                0x00000000c0035b40                update_console_cmdline
                0x00000000c0035bfc                suspend_console
                0x00000000c0035c40                resume_console
                0x00000000c0035c78                is_console_locked
                0x00000000c0035c94                printk_tick
                0x00000000c0035cd8                printk_needs_cpu
                0x00000000c0035cf4                wake_up_klogd
                0x00000000c0035d28                console_unblank
                0x00000000c0035db0                console_device
                0x00000000c0035eb4                get_files_struct
                0x00000000c003625c                put_files_struct
                0x00000000c003633c                disallow_signal
                0x00000000c00363dc                allow_signal
                0x00000000c00364a8                release_task
                0x00000000c0037488                session_of_pgrp
                0x00000000c00374cc                is_current_pgrp_orphaned
                0x00000000c0037538                __set_special_pids
                0x00000000c00375b8                reset_files_struct
                0x00000000c0037614                exit_files
                0x00000000c0037678                put_fs_struct
                0x00000000c00376d4                exit_fs
                0x00000000c0037738                do_exit
                0x00000000c0037f30                complete_and_exit
                0x00000000c0037f54                daemonize
                0x00000000c0038200                sys_exit
                0x00000000c0038218                do_group_exit
                0x00000000c00382f4                sys_exit_group
                0x00000000c0038310                sys_waitid
                0x00000000c00383d0                sys_wait4
                0x00000000c0038530                do_getitimer
                0x00000000c0038744                sys_getitimer
                0x00000000c00387bc                it_real_fn
                0x00000000c00387e0                do_setitimer
                0x00000000c0038af8                alarm_setitimer
                0x00000000c0038b70                sys_setitimer
                0x00000000c0038c70                jiffies_to_msecs
                0x00000000c0038c80                jiffies_to_usecs
                0x00000000c0038c98                timespec_trunc
                0x00000000c0038d04                mktime
                0x00000000c0038d98                set_normalized_timespec
                0x00000000c0038df4                msecs_to_jiffies
                0x00000000c0038e0c                usecs_to_jiffies
                0x00000000c0038e3c                timespec_to_jiffies
                0x00000000c0038eac                jiffies_to_timespec
                0x00000000c0038f28                timeval_to_jiffies
                0x00000000c0038fa4                jiffies_to_timeval
                0x00000000c0039030                jiffies_to_clock_t
                0x00000000c0039090                clock_t_to_jiffies
                0x00000000c00390b8                jiffies_64_to_clock_t
                0x00000000c0039118                get_jiffies_64
                0x00000000c0039164                ns_to_timespec
                0x00000000c00391d0                ns_to_timeval
                0x00000000c0039218                current_fs_time
                0x00000000c0039288                sys_gettimeofday
                0x00000000c0039344                do_sys_settimeofday
                0x00000000c00394c4                sys_settimeofday
                0x00000000c00395d4                sys_adjtimex
                0x00000000c0039688                nsec_to_clock_t
                0x00000000c00396d8                timespec_add_safe
                0x00000000c0039918                tasklet_init
                0x00000000c0039940                __send_remote_softirq
                0x00000000c00399d0                send_remote_softirq
                0x00000000c00399fc                __tasklet_hi_schedule
                0x00000000c0039a88                __tasklet_schedule
                0x00000000c0039b14                tasklet_kill
                0x00000000c0039bb0                local_bh_disable
                0x00000000c0039bd8                _local_bh_enable
                0x00000000c0039c70                __local_bh_enable
                0x00000000c0039d0c                __do_softirq
                0x00000000c0039e3c                do_softirq
                0x00000000c0039ff4                local_bh_enable_ip
                0x00000000c003a0a8                local_bh_enable
                0x00000000c003a15c                irq_enter
                0x00000000c003a1c0                irq_exit
                0x00000000c003a264                raise_softirq_irqoff
                0x00000000c003a2c8                raise_softirq
                0x00000000c003a344                open_softirq
                0x00000000c003a7c8                adjust_resource
                0x00000000c003a8d4                allocate_resource
                0x00000000c003aa4c                release_resource
                0x00000000c003aafc                request_resource
                0x00000000c003ab60                __release_region
                0x00000000c003ac70                __devm_release_region
                0x00000000c003ad0c                __request_region
                0x00000000c003add4                __devm_request_region
                0x00000000c003ae5c                __check_region
                0x00000000c003ae98                insert_resource
                0x00000000c003aefc                insert_resource_expand_to_fit
                0x00000000c003afa8                resource_alignment
                0x00000000c003aff0                iomem_map_sanity_check
                0x00000000c003b2d0                sysctl_intvec
                0x00000000c003b3c0                sysctl_jiffies
                0x00000000c003b4a4                sysctl_string
                0x00000000c003b64c                sysctl_data
                0x00000000c003b7a4                sysctl_ms_jiffies
                0x00000000c003b984                unregister_sysctl_table
                0x00000000c003bebc                proc_dointvec_ms_jiffies
                0x00000000c003bf0c                proc_dointvec_userhz_jiffies
                0x00000000c003bf5c                proc_dointvec_jiffies
                0x00000000c003bfac                proc_dointvec_minmax
                0x00000000c003c00c                proc_dointvec
                0x00000000c003c508                proc_doulongvec_ms_jiffies_minmax
                0x00000000c003c550                proc_doulongvec_minmax
                0x00000000c003c678                proc_dostring
                0x00000000c003c89c                sysctl_head_get
                0x00000000c003c8ec                sysctl_head_put
                0x00000000c003c964                sysctl_head_grab
                0x00000000c003c9d4                sysctl_head_finish
                0x00000000c003ca48                __sysctl_head_next
                0x00000000c003cba4                sysctl_head_next
                0x00000000c003cbd0                register_sysctl_root
                0x00000000c003cc34                sysctl_perm
                0x00000000c003cce0                do_sysctl
                0x00000000c003cec0                sys_sysctl
                0x00000000c003d044                __register_sysctl_paths
                0x00000000c003d38c                register_sysctl_paths
                0x00000000c003d3c4                register_sysctl_table
                0x00000000c003d3e4                sysctl_is_seen
                0x00000000c003d46c                setup_sysctl_set
                0x00000000c003d494                capable
                0x00000000c003d4d8                cap_set_effective
                0x00000000c003d670                sys_capget
                0x00000000c003d808                sys_capset
                0x00000000c003dd18                __ptrace_link
                0x00000000c003dd58                __ptrace_unlink
                0x00000000c003de14                ptrace_check_attach
                0x00000000c003df14                __ptrace_may_access
                0x00000000c003dff4                ptrace_may_access
                0x00000000c003e058                ptrace_attach
                0x00000000c003e19c                ptrace_detach
                0x00000000c003e26c                ptrace_readdata
                0x00000000c003e338                ptrace_writedata
                0x00000000c003e44c                ptrace_traceme
                0x00000000c003e558                ptrace_get_task_struct
                0x00000000c003e5e0                sys_ptrace
                0x00000000c003e6b0                generic_ptrace_peekdata
                0x00000000c003e6f8                generic_ptrace_pokedata
                0x00000000c003e738                ptrace_request
                0x00000000c003eb2c                __round_jiffies
                0x00000000c003eb44                __round_jiffies_relative
                0x00000000c003eb70                round_jiffies
                0x00000000c003eb8c                round_jiffies_relative
                0x00000000c003eba4                __round_jiffies_up
                0x00000000c003ebbc                __round_jiffies_up_relative
                0x00000000c003ebe8                round_jiffies_up
                0x00000000c003ec04                round_jiffies_up_relative
                0x00000000c003ecf8                init_timer
                0x00000000c003ed20                init_timer_deferrable
                0x00000000c003f0c8                del_timer
                0x00000000c003f168                __mod_timer
                0x00000000c003f28c                mod_timer
                0x00000000c003f2d0                msleep
                0x00000000c003f2f8                msleep_interruptible
                0x00000000c003f344                add_timer_on
                0x00000000c003f3dc                get_next_timer_interrupt
                0x00000000c003f674                account_process_tick
                0x00000000c003f6c0                run_local_timers
                0x00000000c003f6dc                update_process_times
                0x00000000c003f73c                do_timer
                0x00000000c003f810                sys_getpid
                0x00000000c003f83c                sys_getppid
                0x00000000c003f8a8                sys_getuid
                0x00000000c003f8cc                sys_geteuid
                0x00000000c003f8f0                sys_getgid
                0x00000000c003f914                sys_getegid
                0x00000000c003f938                sys_gettid
                0x00000000c003f960                do_sysinfo
                0x00000000c003fb30                sys_sysinfo
                0x00000000c003fc00                uids_sysfs_init
                0x00000000c003fc14                find_user
                0x00000000c003fc9c                free_uid
                0x00000000c003fd48                alloc_uid
                0x00000000c003fea0                switch_uid
                0x00000000c003ff98                recalc_sigpending
                0x00000000c003ffe0                __fatal_signal_pending
                0x00000000c003fffc                block_all_signals
                0x00000000c0040068                sigprocmask
                0x00000000c0040178                unblock_all_signals
                0x00000000c00407dc                next_signal
                0x00000000c00409e4                dequeue_signal
                0x00000000c0040b88                flush_sigqueue
                0x00000000c0040bdc                flush_signals
                0x00000000c0040c68                flush_itimer_signals
                0x00000000c0040cd4                ignore_signals
                0x00000000c0040d0c                flush_signal_handlers
                0x00000000c0040d60                unhandled_signal
                0x00000000c0040da8                signal_wake_up
                0x00000000c00411f4                send_sig_info
                0x00000000c0041270                send_sig
                0x00000000c0041294                recalc_sigpending_and_wake
                0x00000000c00412c0                __group_send_sig_info
                0x00000000c0041754                kill_pid_info_as_uid
                0x00000000c0041894                force_sig_info
                0x00000000c00419a8                force_sig
                0x00000000c00419c4                force_sig_specific
                0x00000000c00419e0                zap_other_threads
                0x00000000c0041a58                lock_task_sighand
                0x00000000c0041c64                group_send_sig_info
                0x00000000c0041d08                __kill_pgrp_info
                0x00000000c0041d78                kill_pgrp
                0x00000000c0041de8                kill_pid_info
                0x00000000c0041e7c                sys_kill
                0x00000000c0041ff4                kill_pid
                0x00000000c004201c                kill_proc_info
                0x00000000c0042094                force_sigsegv
                0x00000000c004211c                sigqueue_alloc
                0x00000000c0042158                sigqueue_free
                0x00000000c00421f8                send_sigqueue
                0x00000000c0042360                do_notify_parent
                0x00000000c0042560                ptrace_notify
                0x00000000c0042620                get_signal_to_deliver
                0x00000000c0042a04                exit_signals
                0x00000000c0042b6c                sys_restart_syscall
                0x00000000c0042b94                do_no_restart_syscall
                0x00000000c0042ba8                sys_rt_sigprocmask
                0x00000000c0042d10                do_sigpending
                0x00000000c0042e1c                sys_rt_sigpending
                0x00000000c0042e30                copy_siginfo_to_user
                0x00000000c004307c                sys_rt_sigtimedwait
                0x00000000c0043340                sys_tgkill
                0x00000000c0043368                sys_tkill
                0x00000000c0043398                sys_rt_sigqueueinfo
                0x00000000c0043434                do_sigaction
                0x00000000c00435f4                do_sigaltstack
                0x00000000c004375c                sys_sigpending
                0x00000000c0043774                sys_sigprocmask
                0x00000000c0043930                sys_rt_sigaction
                0x00000000c0043a38                sys_pause
                0x00000000c0043a6c                arch_vma_name
                0x00000000c0043a94                groups_free
                0x00000000c0043af4                set_current_groups
                0x00000000c0043cf0                groups_alloc
                0x00000000c0043ec4                kernel_power_off
                0x00000000c0043f08                orderly_poweroff
                0x00000000c0043fd4                kernel_halt
                0x00000000c0044014                emergency_restart
                0x00000000c00440e8                sys_setpriority
                0x00000000c0044310                sys_getpriority
                0x00000000c00444f8                kernel_restart_prepare
                0x00000000c0044534                kernel_restart
                0x00000000c004459c                sys_reboot
                0x00000000c0044764                ctrl_alt_del
                0x00000000c00447ac                sys_setregid
                0x00000000c00448c4                sys_setgid
                0x00000000c00449a0                sys_setreuid
                0x00000000c0044b14                sys_setuid
                0x00000000c0044bf4                sys_setresuid
                0x00000000c0044d84                sys_getresuid
                0x00000000c0044dd8                sys_setresgid
                0x00000000c0044f34                sys_getresgid
                0x00000000c0044f88                sys_setfsuid
                0x00000000c0045038                sys_setfsgid
                0x00000000c00450d4                do_sys_times
                0x00000000c004518c                sys_times
                0x00000000c0045204                sys_setpgid
                0x00000000c00453a8                sys_getpgid
                0x00000000c0045440                sys_getpgrp
                0x00000000c0045458                sys_getsid
                0x00000000c00454f0                sys_setsid
                0x00000000c00455c4                groups_search
                0x00000000c004563c                in_egroup_p
                0x00000000c004567c                in_group_p
                0x00000000c00456bc                sys_getgroups
                0x00000000c0045790                sys_setgroups
                0x00000000c00458e8                sys_newuname
                0x00000000c0045968                sys_sethostname
                0x00000000c0045a5c                sys_gethostname
                0x00000000c0045b00                sys_setdomainname
                0x00000000c0045bf8                sys_getrlimit
                0x00000000c0045cac                sys_setrlimit
                0x00000000c0045e2c                getrusage
                0x00000000c0046078                sys_getrusage
                0x00000000c00460c0                sys_umask
                0x00000000c00460f8                sys_prctl
                0x00000000c0046360                sys_getcpu
                0x00000000c00463a8                call_usermodehelper_setkeys
                0x00000000c00463bc                call_usermodehelper_setcleanup
                0x00000000c00463d0                call_usermodehelper_stdinpipe
                0x00000000c0046430                call_usermodehelper_setup
                0x00000000c0046644                call_usermodehelper_freeinfo
                0x00000000c0046678                call_usermodehelper_exec
                0x00000000c0046714                call_usermodehelper_pipe
                0x00000000c0046800                request_module
                0x00000000c0046c78                destroy_workqueue
                0x00000000c0046d24                flush_workqueue
                0x00000000c0046d3c                flush_scheduled_work
                0x00000000c0046d5c                flush_work
                0x00000000c0046f0c                queue_work_on
                0x00000000c0046f6c                schedule_work_on
                0x00000000c0046f90                queue_work
                0x00000000c0046ffc                schedule_work
                0x00000000c0047020                execute_in_process_context
                0x00000000c00473a0                cancel_delayed_work_sync
                0x00000000c00473b8                cancel_work_sync
                0x00000000c00473d0                queue_delayed_work_on
                0x00000000c00474a4                schedule_delayed_work_on
                0x00000000c00474d0                queue_delayed_work
                0x00000000c0047504                schedule_delayed_work
                0x00000000c004755c                __create_workqueue_key
                0x00000000c00476d0                schedule_on_each_cpu
                0x00000000c0047744                keventd_up
                0x00000000c0047768                current_is_keventd
                0x00000000c00477b4                find_pid_ns
                0x00000000c0047848                find_vpid
                0x00000000c0047874                pid_task
                0x00000000c00478b4                find_task_by_pid_type_ns
                0x00000000c0047904                find_task_by_vpid
                0x00000000c0047938                find_task_by_pid_ns
                0x00000000c004795c                pid_vnr
                0x00000000c00479b4                task_pid_nr_ns
                0x00000000c00479f8                task_tgid_nr_ns
                0x00000000c0047a40                task_pgrp_nr_ns
                0x00000000c0047a88                task_session_nr_ns
                0x00000000c0047ad0                find_get_pid
                0x00000000c0047b50                is_container_init
                0x00000000c0047bcc                put_pid
                0x00000000c0047c84                next_pidmap
                0x00000000c0047d18                free_pid
                0x00000000c0047dec                alloc_pid
                0x00000000c0048220                attach_pid
                0x00000000c004826c                detach_pid
                0x00000000c00482ec                change_pid
                0x00000000c00483a4                transfer_pid
                0x00000000c0048418                get_task_pid
                0x00000000c00484a0                get_pid_task
                0x00000000c004854c                pid_nr_ns
                0x00000000c004858c                find_ge_pid
                0x00000000c0048614                wakeme_after_rcu
                0x00000000c004862c                synchronize_rcu
                0x00000000c0048774                rcu_barrier_sched
                0x00000000c004878c                rcu_barrier_bh
                0x00000000c00487a4                rcu_barrier
                0x00000000c00487bc                search_exception_tables
                0x00000000c00487f8                core_kernel_text
                0x00000000c0048870                __kernel_text_address
                0x00000000c00488ec                kernel_text_address
                0x00000000c0048968                param_set_bool
                0x00000000c00489e8                param_set_invbool
                0x00000000c0048a30                param_array_get
                0x00000000c0048bb0                param_get_string
                0x00000000c0048da8                param_set_charp
                0x00000000c0048e0c                param_set_copystring
                0x00000000c0048e84                param_array_set
                0x00000000c0048fb0                param_get_invbool
                0x00000000c0048fe0                param_get_bool
                0x00000000c0049010                param_get_charp
                0x00000000c0049034                param_get_ulong
                0x00000000c0049058                param_get_long
                0x00000000c004907c                param_get_uint
                0x00000000c00490a0                param_get_int
                0x00000000c00490c4                param_get_ushort
                0x00000000c00490e8                param_get_short
                0x00000000c004910c                param_get_byte
                0x00000000c0049130                param_set_ulong
                0x00000000c004917c                param_set_uint
                0x00000000c00491c8                param_set_ushort
                0x00000000c0049224                param_set_byte
                0x00000000c0049280                param_set_long
                0x00000000c00492cc                param_set_int
                0x00000000c0049318                param_set_short
                0x00000000c0049378                parse_args
                0x00000000c004964c                module_param_sysfs_setup
                0x00000000c004970c                module_param_sysfs_remove
                0x00000000c0049768                do_posix_clock_nosettime
                0x00000000c004977c                do_posix_clock_nonanosleep
                0x00000000c0049ab0                register_posix_clock
                0x00000000c0049b14                posix_timer_event
                0x00000000c0049ca4                do_schedule_next_timer
                0x00000000c0049de0                sys_timer_create
                0x00000000c004a1ec                sys_timer_gettime
                0x00000000c004a2dc                sys_timer_getoverrun
                0x00000000c004a348                sys_timer_settime
                0x00000000c004a694                sys_timer_delete
                0x00000000c004a828                exit_itimers
                0x00000000c004a990                sys_clock_settime
                0x00000000c004aa8c                sys_clock_gettime
                0x00000000c004ab78                sys_clock_getres
                0x00000000c004ac60                sys_clock_nanosleep
                0x00000000c004ada0                clock_nanosleep_restart
                0x00000000c004adec                kthread_should_stop
                0x00000000c004ae24                kthread_bind
                0x00000000c004aefc                kthread_stop
                0x00000000c004afac                kthread_create
                0x00000000c004b08c                kthreadd
                0x00000000c004b244                init_waitqueue_head
                0x00000000c004b25c                bit_waitqueue
                0x00000000c004b2d8                __wake_up_bit
                0x00000000c004b314                wake_up_bit
                0x00000000c004b33c                autoremove_wake_function
                0x00000000c004b378                wake_bit_function
                0x00000000c004b3e8                finish_wait
                0x00000000c004b480                prepare_to_wait_exclusive
                0x00000000c004b508                prepare_to_wait
                0x00000000c004b590                remove_wait_queue
                0x00000000c004b60c                add_wait_queue_exclusive
                0x00000000c004b684                add_wait_queue
                0x00000000c004b6fc                __kfifo_get
                0x00000000c004b778                __kfifo_put
                0x00000000c004b7f8                kfifo_free
                0x00000000c004b81c                kfifo_init
                0x00000000c004b87c                kfifo_alloc
                0x00000000c004b908                compat_sys_mq_open
                0x00000000c004b908                sys_acct
                0x00000000c004b908                sys_mq_open
                0x00000000c004b908                sys_ni_syscall
                0x00000000c004b908                compat_sys_futex
                0x00000000c004b908                sys_mq_timedreceive
                0x00000000c004b908                sys_epoll_pwait
                0x00000000c004b908                sys_mq_notify
                0x00000000c004b908                compat_sys_recvmsg
                0x00000000c004b908                sys_mbind
                0x00000000c004b908                sys32_sysctl
                0x00000000c004b908                compat_sys_mq_notify
                0x00000000c004b908                sys_migrate_pages
                0x00000000c004b908                compat_sys_mq_timedreceive
                0x00000000c004b908                compat_sys_epoll_pwait
                0x00000000c004b908                compat_sys_set_robust_list
                0x00000000c004b908                compat_sys_setsockopt
                0x00000000c004b908                sys_pciconfig_iobase
                0x00000000c004b908                sys_pciconfig_read
                0x00000000c004b908                sys_keyctl
                0x00000000c004b908                compat_sys_ipc
                0x00000000c004b908                sys_io_setup
                0x00000000c004b908                sys32_quotactl
                0x00000000c004b908                sys_quotactl
                0x00000000c004b908                sys_nfsservctl
                0x00000000c004b908                ppc_rtas
                0x00000000c004b908                compat_sys_get_robust_list
                0x00000000c004b908                sys_spu_run
                0x00000000c004b908                compat_sys_signalfd
                0x00000000c004b908                sys_add_key
                0x00000000c004b908                sys_vm86old
                0x00000000c004b908                sys_mq_unlink
                0x00000000c004b908                sys_set_mempolicy
                0x00000000c004b908                sys_io_getevents
                0x00000000c004b908                compat_sys_move_pages
                0x00000000c004b908                sys_socketcall
                0x00000000c004b908                sys_io_cancel
                0x00000000c004b908                compat_sys_socketcall
                0x00000000c004b908                compat_sys_sysctl
                0x00000000c004b908                compat_sys_set_mempolicy
                0x00000000c004b908                sys_request_key
                0x00000000c004b908                compat_sys_timerfd_gettime
                0x00000000c004b908                compat_sys_mq_timedsend
                0x00000000c004b908                sys_io_submit
                0x00000000c004b908                sys_kexec_load
                0x00000000c004b908                compat_sys_mbind
                0x00000000c004b908                sys_get_mempolicy
                0x00000000c004b908                sys32_ipc
                0x00000000c004b908                sys_move_pages
                0x00000000c004b908                compat_sys_keyctl
                0x00000000c004b908                sys_io_destroy
                0x00000000c004b908                sys_mq_getsetattr
                0x00000000c004b908                compat_sys_migrate_pages
                0x00000000c004b908                compat_sys_mq_getsetattr
                0x00000000c004b908                compat_sys_kexec_load
                0x00000000c004b908                compat_sys_signalfd4
                0x00000000c004b908                sys_vm86
                0x00000000c004b908                sys_lookup_dcookie
                0x00000000c004b908                compat_sys_timerfd_settime
                0x00000000c004b908                compat_sys_getsockopt
                0x00000000c004b908                sys_mq_timedsend
                0x00000000c004b908                sys_pciconfig_write
                0x00000000c004b908                sys_subpage_prot
                0x00000000c004b908                compat_sys_sendmsg
                0x00000000c004b908                compat_sys_get_mempolicy
                0x00000000c004b908                sys_spu_create
                0x00000000c004c0f0                thread_group_cputime_alloc
                0x00000000c004c1f0                thread_group_cputime
                0x00000000c004c2fc                posix_cpu_clock_getres
                0x00000000c004c370                posix_cpu_clock_set
                0x00000000c004c38c                posix_cpu_clock_get
                0x00000000c004c530                posix_cpu_timer_create
                0x00000000c004c6a0                posix_cpu_timer_del
                0x00000000c004c7c0                posix_cpu_timers_exit
                0x00000000c004c7f0                posix_cpu_timers_exit_group
                0x00000000c004c830                posix_cpu_timer_get
                0x00000000c004cab8                posix_cpu_timer_schedule
                0x00000000c004cca4                posix_cpu_timer_set
                0x00000000c004d35c                posix_cpu_nsleep_restart
                0x00000000c004d438                run_posix_cpu_timers
                0x00000000c004dd74                set_process_cpu_timer
                0x00000000c004de60                update_rlimit_cpu
                0x00000000c004df04                posix_cpu_nsleep
                0x00000000c004e038                __mutex_init
                0x00000000c004e0cc                hrtimer_get_res
                0x00000000c004e0fc                ktime_sub_ns
                0x00000000c004e1ac                ktime_add_ns
                0x00000000c004e27c                hrtimer_get_remaining
                0x00000000c004e49c                hrtimer_try_to_cancel
                0x00000000c004e548                hrtimer_cancel
                0x00000000c004e570                hrtimer_init
                0x00000000c004e5fc                ktime_get_ts
                0x00000000c004e66c                ktime_get
                0x00000000c004e6a4                ktime_get_real
                0x00000000c004ecd0                ktime_divns
                0x00000000c004ed50                ktime_add_safe
                0x00000000c004edd8                hrtimer_start_range_ns
                0x00000000c004efa4                hrtimer_start
                0x00000000c004efd0                hrtimer_forward
                0x00000000c004f18c                clock_was_set
                0x00000000c004f1b8                hres_timers_resume
                0x00000000c004f1cc                hrtimer_get_next_event
                0x00000000c004f2e4                hrtimer_interrupt
                0x00000000c004f500                hrtimer_peek_ahead_timers
                0x00000000c004f54c                hrtimer_run_pending
                0x00000000c004f5fc                hrtimer_run_queues
                0x00000000c004f7e8                hrtimer_init_sleeper
                0x00000000c004f810                hrtimer_nanosleep
                0x00000000c004f92c                sys_nanosleep
                0x00000000c004f9e0                downgrade_write
                0x00000000c004f9f4                up_write
                0x00000000c004fa08                up_read
                0x00000000c004fa1c                down_write_trylock
                0x00000000c004fa30                down_read_trylock
                0x00000000c004fbc4                free_nsproxy
                0x00000000c004fc2c                copy_namespaces
                0x00000000c004fd10                unshare_nsproxy_namespaces
                0x00000000c004fd98                switch_task_namespaces
                0x00000000c004fde8                exit_task_namespaces
                0x00000000c004fe00                srcu_batches_completed
                0x00000000c004fe14                synchronize_srcu
                0x00000000c004fea0                srcu_read_unlock
                0x00000000c004fef4                srcu_read_lock
                0x00000000c004ff58                cleanup_srcu_struct
                0x00000000c004ff98                init_srcu_struct
                0x00000000c004fff0                down_trylock
                0x00000000c0050068                down_timeout
                0x00000000c00500f0                down_interruptible
                0x00000000c0050178                down
                0x00000000c00501e8                down_killable
                0x00000000c0050270                up
                0x00000000c0050378                raw_notifier_chain_register
                0x00000000c00503d4                raw_notifier_chain_unregister
                0x00000000c0050428                __raw_notifier_call_chain
                0x00000000c005044c                raw_notifier_call_chain
                0x00000000c0050474                srcu_init_notifier_head
                0x00000000c00504b4                __srcu_notifier_call_chain
                0x00000000c005051c                srcu_notifier_call_chain
                0x00000000c0050544                srcu_notifier_chain_register
                0x00000000c00505fc                srcu_notifier_chain_unregister
                0x00000000c00506c0                __blocking_notifier_call_chain
                0x00000000c0050728                blocking_notifier_call_chain
                0x00000000c0050750                blocking_notifier_chain_unregister
                0x00000000c005080c                unregister_reboot_notifier
                0x00000000c005082c                blocking_notifier_chain_cond_register
                0x00000000c00508ac                blocking_notifier_chain_register
                0x00000000c0050964                register_reboot_notifier
                0x00000000c0050984                __atomic_notifier_call_chain
                0x00000000c00509e8                atomic_notifier_call_chain
                0x00000000c0050a10                atomic_notifier_chain_register
                0x00000000c0050ab0                register_die_notifier
                0x00000000c0050ad8                atomic_notifier_chain_unregister
                0x00000000c0050b74                unregister_die_notifier
                0x00000000c0050b94                notify_die
                0x00000000c0050c4c                pm_qos_requirement
                0x00000000c0050c6c                pm_qos_remove_notifier
                0x00000000c0050c90                pm_qos_add_notifier
                0x00000000c0050d94                pm_qos_remove_requirement
                0x00000000c0050ef0                pm_qos_update_requirement
                0x00000000c005108c                pm_qos_add_requirement
                0x00000000c0051250                sched_clock
                0x00000000c0051280                sched_clock_init
                0x00000000c00512a0                sched_clock_cpu
                0x00000000c00512e0                cpu_clock
                0x00000000c0051430                get_seconds
                0x00000000c005144c                current_kernel_time
                0x00000000c0051498                getrawmonotonic
                0x00000000c00515bc                getnstimeofday
                0x00000000c00516e4                do_gettimeofday
                0x00000000c0051728                update_xtime_cache
                0x00000000c00517b8                do_settimeofday
                0x00000000c00518d0                timekeeping_valid_for_hres
                0x00000000c005191c                read_persistent_clock
                0x00000000c0051adc                update_wall_time
                0x00000000c0052318                getboottime
                0x00000000c005234c                monotonic_to_bootbased
                0x00000000c00525d0                ntp_clear
                0x00000000c0052628                second_overflow
                0x00000000c0052794                do_adjtimex
                0x00000000c0053368                clocksource_register
                0x00000000c0053404                clocksource_resume
                0x00000000c00534a0                clocksource_touch_watchdog
                0x00000000c00534b0                clocksource_get_next
                0x00000000c0053548                clocksource_change_rating
                0x00000000c00535dc                clocksource_unregister
                0x00000000c00542e4                sysrq_timer_list_show
                0x00000000c0054328                clockevents_notify
                0x00000000c00543f0                clockevent_delta2ns
                0x00000000c0054490                clockevents_set_mode
                0x00000000c00544c8                clockevents_shutdown
                0x00000000c005450c                clockevents_program_event
                0x00000000c0054620                clockevents_register_notifier
                0x00000000c0054688                clockevents_register_device
                0x00000000c0054774                clockevents_handle_noop
                0x00000000c0054784                clockevents_exchange_device
                0x00000000c005493c                tick_handle_periodic
                0x00000000c0054a28                tick_get_device
                0x00000000c0054a40                tick_is_oneshot_available
                0x00000000c0054a74                tick_setup_periodic
                0x00000000c0054e54                tick_dev_program_event
                0x00000000c0054f48                tick_program_event
                0x00000000c0054f84                tick_resume_oneshot
                0x00000000c0054fc4                tick_setup_oneshot
                0x00000000c005500c                tick_switch_to_oneshot
                0x00000000c00550c4                tick_init_highres
                0x00000000c0055180                get_cpu_idle_time_us
                0x00000000c0055740                tick_get_tick_sched
                0x00000000c0055758                tick_nohz_update_jiffies
                0x00000000c00557cc                tick_nohz_stop_sched_tick
                0x00000000c0055b9c                tick_nohz_get_sleep_length
                0x00000000c0055bbc                tick_nohz_restart_sched_tick
                0x00000000c0055dc8                tick_check_idle
                0x00000000c0055de0                tick_setup_sched_timer
                0x00000000c0055f3c                tick_cancel_sched_timer
                0x00000000c0055f70                tick_clock_notify
                0x00000000c0055fa4                tick_oneshot_notify
                0x00000000c0055fd8                tick_check_oneshot_change
                0x00000000c0057b3c                exit_pi_state_list
                0x00000000c0057d14                sys_set_robust_list
                0x00000000c0057d60                sys_get_robust_list
                0x00000000c0057e8c                handle_futex_death
                0x00000000c0057f90                exit_robust_list
                0x00000000c00580a8                do_futex
                0x00000000c0058c04                sys_futex
                0x00000000c0058d5c                __rt_mutex_init
                0x00000000c0058d84                rt_mutex_destroy
                0x00000000c00594d0                rt_mutex_timed_lock
                0x00000000c00594f4                rt_mutex_getprio
                0x00000000c0059528                rt_mutex_adjust_pi
                0x00000000c0059600                rt_mutex_init_proxy_locked
                0x00000000c0059624                rt_mutex_proxy_unlock
                0x00000000c005964c                rt_mutex_next_owner
                0x00000000c0059688                sys_chown16
                0x00000000c00596b4                sys_lchown16
                0x00000000c00596e0                sys_fchown16
                0x00000000c005970c                sys_setregid16
                0x00000000c0059738                sys_setgid16
                0x00000000c005975c                sys_setreuid16
                0x00000000c0059788                sys_setuid16
                0x00000000c00597ac                sys_setresuid16
                0x00000000c00597e0                sys_getresuid16
                0x00000000c005987c                sys_setresgid16
                0x00000000c00598b0                sys_getresgid16
                0x00000000c005994c                sys_setfsuid16
                0x00000000c0059970                sys_setfsgid16
                0x00000000c0059994                sys_getgroups16
                0x00000000c0059aa8                sys_setgroups16
                0x00000000c0059bf8                sys_getuid16
                0x00000000c0059c34                sys_geteuid16
                0x00000000c0059c70                sys_getgid16
                0x00000000c0059cac                sys_getegid16
                0x00000000c0059d58                module_refcount
                0x00000000c005a3f8                module_put
                0x00000000c005a540                __module_put_and_exit
                0x00000000c005a55c                unregister_module_notifier
                0x00000000c005a57c                register_module_notifier
                0x00000000c005a854                __symbol_get
                0x00000000c005a950                __symbol_put
                0x00000000c005a9cc                module_add_modinfo_attrs
                0x00000000c005aa7c                module_remove_modinfo_attrs
                0x00000000c005abb0                sys_delete_module
                0x00000000c005adbc                mod_sysfs_init
                0x00000000c005ae94                mod_sysfs_setup
                0x00000000c005c0e0                sys_init_module
                0x00000000c005c270                search_module_extables
                0x00000000c005c338                is_module_address
                0x00000000c005c404                __module_text_address
                0x00000000c005c49c                module_text_address
                0x00000000c005c4f8                symbol_put_addr
                0x00000000c005c530                print_modules
                0x00000000c005c890                handle_bad_irq
                0x00000000c005cab8                no_action
                0x00000000c005cacc                handle_IRQ_event
                0x00000000c005cb50                disable_irq_nosync
                0x00000000c005cbf8                disable_irq
                0x00000000c005cc40                set_irq_wake
                0x00000000c005ce5c                enable_irq
                0x00000000c005cedc                free_irq
                0x00000000c005d064                can_request_irq
                0x00000000c005d0d4                compat_irq_chip_set_default_handler
                0x00000000c005d0fc                __irq_set_trigger
                0x00000000c005d3e0                request_irq
                0x00000000c005d4d4                setup_irq
                0x00000000c005d510                noirqdebug_setup
                0x00000000c005d84c                note_interrupt
                0x00000000c005db0c                check_irq_resend