Archive member included because of file (symbol)

arch/arm/lib/lib.a(ashldi3.o)
                              arch/arm/kernel/built-in.o (__ashldi3)
arch/arm/lib/lib.a(ashrdi3.o)
                              arch/arm/kernel/built-in.o (__ashrdi3)
arch/arm/lib/lib.a(backtrace.o)
                              arch/arm/kernel/built-in.o (__backtrace)
arch/arm/lib/lib.a(changebit.o)
                              arch/arm/kernel/built-in.o (_change_bit_le)
arch/arm/lib/lib.a(clear_user.o)
                              arch/arm/kernel/built-in.o (__clear_user)
arch/arm/lib/lib.a(clearbit.o)
                              arch/arm/kernel/built-in.o (_clear_bit_le)
arch/arm/lib/lib.a(copy_from_user.o)
                              arch/arm/kernel/built-in.o (__copy_from_user)
arch/arm/lib/lib.a(copy_page.o)
                              arch/arm/kernel/built-in.o (copy_page)
arch/arm/lib/lib.a(copy_to_user.o)
                              arch/arm/kernel/built-in.o (__copy_to_user)
arch/arm/lib/lib.a(csumipv6.o)
                              arch/arm/kernel/built-in.o (__csum_ipv6_magic)
arch/arm/lib/lib.a(csumpartial.o)
                              arch/arm/kernel/built-in.o (csum_partial)
arch/arm/lib/lib.a(csumpartialcopy.o)
                              arch/arm/kernel/built-in.o (csum_partial_copy_nocheck)
arch/arm/lib/lib.a(csumpartialcopyuser.o)
                              arch/arm/kernel/built-in.o (csum_partial_copy_from_user)
arch/arm/lib/lib.a(delay.o)   arch/arm/kernel/built-in.o (__udelay)
arch/arm/lib/lib.a(div64.o)   arch/arm/kernel/built-in.o (__do_div64)
arch/arm/lib/lib.a(findbit.o)
                              arch/arm/kernel/built-in.o (_find_first_zero_bit_le)
arch/arm/lib/lib.a(getuser.o)
                              arch/arm/kernel/built-in.o (__get_user_1)
arch/arm/lib/lib.a(io-readsb.o)
                              arch/arm/kernel/built-in.o (__raw_readsb)
arch/arm/lib/lib.a(io-readsl.o)
                              arch/arm/kernel/built-in.o (__raw_readsl)
arch/arm/lib/lib.a(io-readsw-armv4.o)
                              arch/arm/kernel/built-in.o (__raw_readsw)
arch/arm/lib/lib.a(io-writesb.o)
                              arch/arm/kernel/built-in.o (__raw_writesb)
arch/arm/lib/lib.a(io-writesl.o)
                              arch/arm/kernel/built-in.o (__raw_writesl)
arch/arm/lib/lib.a(io-writesw-armv4.o)
                              arch/arm/kernel/built-in.o (__raw_writesw)
arch/arm/lib/lib.a(lib1funcs.o)
                              arch/arm/kernel/built-in.o (__udivsi3)
arch/arm/lib/lib.a(lshrdi3.o)
                              arch/arm/kernel/built-in.o (__lshrdi3)
arch/arm/lib/lib.a(memchr.o)  arch/arm/kernel/built-in.o (memchr)
arch/arm/lib/lib.a(memcpy.o)  init/built-in.o (memcpy)
arch/arm/lib/lib.a(memmove.o)
                              init/built-in.o (memmove)
arch/arm/lib/lib.a(memset.o)  init/built-in.o (memset)
arch/arm/lib/lib.a(memzero.o)
                              init/built-in.o (__memzero)
arch/arm/lib/lib.a(muldi3.o)  arch/arm/kernel/built-in.o (__muldi3)
arch/arm/lib/lib.a(putuser.o)
                              arch/arm/kernel/built-in.o (__put_user_1)
arch/arm/lib/lib.a(setbit.o)  arch/arm/kernel/built-in.o (_set_bit_le)
arch/arm/lib/lib.a(sha1.o)    arch/arm/kernel/built-in.o (sha_transform)
arch/arm/lib/lib.a(strchr.o)  init/built-in.o (strchr)
arch/arm/lib/lib.a(strncpy_from_user.o)
                              arch/arm/kernel/built-in.o (__strncpy_from_user)
arch/arm/lib/lib.a(strnlen_user.o)
                              arch/arm/kernel/built-in.o (__strnlen_user)
arch/arm/lib/lib.a(strrchr.o)
                              arch/arm/kernel/built-in.o (strrchr)
arch/arm/lib/lib.a(testchangebit.o)
                              arch/arm/kernel/built-in.o (_test_and_change_bit_le)
arch/arm/lib/lib.a(testclearbit.o)
                              arch/arm/kernel/built-in.o (_test_and_clear_bit_le)
arch/arm/lib/lib.a(testsetbit.o)
                              arch/arm/kernel/built-in.o (_test_and_set_bit_le)
arch/arm/lib/lib.a(ucmpdi2.o)
                              arch/arm/kernel/built-in.o (__ucmpdi2)
lib/lib.a(argv_split.o)       kernel/built-in.o (argv_free)
lib/lib.a(cmdline.o)          arch/arm/mach-GM/platform-GM8126/built-in.o (memparse)
lib/lib.a(ctype.o)            init/built-in.o (_ctype)
lib/lib.a(dec_and_lock.o)     kernel/built-in.o (_atomic_dec_and_lock)
lib/lib.a(extable.o)          kernel/built-in.o (search_extable)
lib/lib.a(idr.o)              kernel/built-in.o (idr_init)
lib/lib.a(int_sqrt.o)         mm/built-in.o (int_sqrt)
lib/lib.a(irq_regs.o)         arch/arm/kernel/built-in.o (per_cpu____irq_regs)
lib/lib.a(kobject.o)          fs/built-in.o (kobject_init)
lib/lib.a(kref.o)             fs/built-in.o (kref_init)
lib/lib.a(prio_tree.o)        init/built-in.o (prio_tree_init)
lib/lib.a(proportions.o)      mm/built-in.o (prop_local_init_percpu)
lib/lib.a(radix-tree.o)       mm/built-in.o (radix_tree_lookup_slot)
[...]
Memory Configuration

Name             Origin             Length             Attributes
*default*        0x00000000         0xffffffff

Linker script and memory map

                0xc0679500                jiffies = jiffies_64

.note.gnu.build-id
                0x00000000       0x24
 .note.gnu.build-id
                0x00000000       0x24 linker stubs
                0xc0008000                . = 0xc0008000

.text.head      0xc0008000      0x240
                0xc0008000                _stext = .
                0xc0008000                _sinittext = .
 *(.text.head)
 .text.head     0xc0008000      0x240 arch/arm/kernel/head.o
                0xc0008000                stext
                0xc0008198                lookup_processor_type
                0xc00081f4                lookup_machine_type

.init           0xc0008240   0x2dfdc0
 *(.init.text)
 .init.text     0xc0008240     0x5c24 init/built-in.o
                0xc0008320                smp_setup_processor_id
                0xc0008330                thread_info_cache_init
                0xc0008684                parse_early_param
                0xc00086f0                start_kernel
                0xc0008c5c                change_floppy
                0xc0008d5c                mount_block_root
                0xc0008ff0                mount_root
                0xc000905c                prepare_namespace
                0xc000a588                rd_load_image
                0xc000b374                rd_load_disk
                0xc000b44c                initrd_load
 .init.text     0xc000de64      0x4c0 arch/arm/mach-GM/platform-GM8126/built-in.o
 *fill*         0xc000e324       0x1c 00
 .init.text     0xc000e340      0xfc0 arch/arm/kernel/built-in.o
                0xc000e340                squash_mem_tags
                0xc000e380                convert_to_tag_list
                0xc000e520                __kuser_helper_start
                0xc000e580                __kuser_helper_end
                0xc000e580                __stubs_start
                0xc000e7a4                __stubs_end
                0xc000e7a4                __vectors_start
                0xc000e7c4                __vectors_end
                0xc000e7e0                init_IRQ
                0xc000e868                reboot_setup
                0xc000eb80                setup_arch
                0xc000f174                time_init
                0xc000f1d8                trap_init
                0xc000f21c                early_trap_init
                0xc000f2dc                init_FIQ
 .init.text     0xc000f300     0x1764 arch/arm/mm/built-in.o
                0xc000f3c8                hook_fault_code
                0xc000f4d8                bootmem_init
                0xc000f948                mem_init
                0xc000fbc0                check_writebuffer_bugs
                0xc000ff4c                reserve_node_zero
                0xc000ff94                create_mapping
                0xc00102f4                paging_init
                0xc00108fc                iotable_init
 .init.text     0xc0010a64      0x994 arch/arm/mach-GM/built-in.o
                0xc0010a64                ftintc010_init
                0xc0010c10                ftintc010_cascade_irq
                0xc0010c68                fttmr010_clocksource_init
                0xc0010da8                fttmr010_clockevent_init
                0xc0010fd4                __arch_adjust_zones
 .init.text     0xc00113f8     0x1dc4 kernel/built-in.o
                0xc00113f8                sched_init_smp
                0xc0011438                sched_init
                0xc0011778                proc_caches_init
                0xc0011868                fork_init
                0xc0011c1c                softirq_init
                0xc0011f7c                reserve_region_with_split
                0xc0012008                init_timers
                0xc0012140                uids_sysfs_init
                0xc00121c4                signals_init
                0xc0012208                usermodehelper_init
                0xc0012260                init_workqueues
                0xc00122dc                pidmap_init
                0xc0012374                pidhash_init
                0xc0012420                rcu_init
                0xc0012434                sort_main_extable
                0xc001287c                hrtimers_init
                0xc0012a7c                timekeeping_init
                0xc0012c40                ntp_init
                0xc0012e30                tick_init
                0xc0013020                set_irq_probe
                0xc00130cc                set_irq_noprobe
                0xc0013178                __rcu_init
 .init.text     0xc00131bc     0x1e9c mm/built-in.o
                0xc00131e0                bootmem_bootmap_pages
                0xc001373c                __alloc_bootmem_nopanic
                0xc0013754                __alloc_bootmem_node_nopanic
                0xc0013954                reserve_bootmem
                0xc0013984                free_bootmem
                0xc00139b4                reserve_bootmem_node
                0xc00139f0                free_bootmem_node
                0xc0013ab0                __alloc_bootmem_low_node
                0xc0013ad8                __alloc_bootmem_node
                0xc0013b00                __alloc_bootmem_low
                0xc0013b18                __alloc_bootmem
                0xc0013d44                free_all_bootmem
                0xc0013d64                free_all_bootmem_node
                0xc0013e78                init_bootmem
                0xc0013ebc                init_bootmem_node
                0xc0013ed4                set_dma_reserve
                0xc0013ef0                page_alloc_init
                0xc0013f00                free_area_init_node
                0xc00142a0                free_area_init
                0xc001431c                alloc_large_system_hash
                0xc0014598                page_writeback_init
                0xc0014650                swap_setup
                0xc001483c                mminit_verify_pageflags_layout
                0xc0014984                anon_vma_init
                0xc00149cc                vmalloc_init
                0xc0014c88                kmem_cache_init
 .init.text     0xc0015058     0x2608 fs/built-in.o
                0xc0015058                files_init
                0xc00150a4                chrdev_init
                0xc00151c4                vfs_caches_init
                0xc00152f8                vfs_caches_init_early
                0xc00153cc                inode_init
                0xc0015494                inode_init_early
                0xc0015524                files_defer_init
                0xc00155d0                mnt_init
                0xc00157d0                buffer_init
                0xc0015910                bdev_cache_init
                0xc0015df0                proc_init_inodecache
                0xc0015e38                proc_root_init
                0xc0015f04                proc_tty_init
                0xc00161ec                proc_sys_init
                0xc001622c                proc_net_init
                0xc0016398                sysfs_inode_init
                0xc00163b4                sysfs_init
                0xc001654c                init_ext3_xattr
                0xc001659c                journal_init_revoke_caches
                0xc001677c                init_ext2_xattr
                0xc00167e8                init_rootfs
                0xc001682c                fat_cache_init
                0xc001699c                nfs_fs_proc_init
                0xc0016ba4                register_nfs_fs
                0xc0016bf4                nfs_init_directcache
                0xc0016c44                nfs_init_nfspagecache
                0xc0016c94                nfs_init_readpagecache
                0xc0016d10                nfs_init_writepagecache
                0xc0017364                jffs2_compressors_init
                0xc0017380                jffs2_create_slab_caches
                0xc00175a8                jffs2_zlib_init
 .init.text     0xc0017660      0x188 ipc/built-in.o
                0xc001768c                ipc_init_proc_interface
                0xc0017700                msg_init
                0xc0017750                sem_init
                0xc001778c                shm_init
 .init.text     0xc00177e8      0x578 block/built-in.o
                0xc001783c                blk_dev_init
                0xc0017968                blk_softirq_init
                0xc0017a74                printk_all_partitions
 .init.text     0xc0017d60       0x48 lib/lib.a(idr.o)
                0xc0017d60                idr_init_cache
 .init.text     0xc0017da8       0x48 lib/lib.a(prio_tree.o)
                0xc0017da8                prio_tree_init
 .init.text     0xc0017df0       0x80 lib/lib.a(radix-tree.o)
                0xc0017df0                radix_tree_init
 .init.text     0xc0017e70       0xec lib/built-in.o
 .init.text     0xc0017f5c     0x41d0 drivers/built-in.o
                0xc0017f5c                gpiochip_reserve
                0xc00183d8                console_init
                0xc0018a2c                uart_get_console
                0xc0018cec                early_serial_setup
                0xc0018f8c                setup_early_serial8250_console
                0xc001941c                devices_init
                0xc00194d8                system_bus_init
                0xc0019520                buses_init
                0xc0019560                classes_init
                0xc001959c                platform_bus_init
                0xc00195e0                cpu_dev_init
                0xc0019634                firmware_init
                0xc001966c                driver_init
                0xc0019ff0                scsi_init_queue
                0xc001a168                scsi_init_devinfo
                0xc001a2dc                scsi_init_sysctl
                0xc001b474                spi_register_board_info
                0xc001b634                usb_devio_init
                0xc001b800                mon_text_init
                0xc001b820                mon_bin_init
                0xc001bcf0                rtc_dev_init
                0xc001bd38                rtc_sysfs_init
                0xc001bd54                i2c_register_board_info
 .init.text     0xc001c12c      0x6c4 sound/built-in.o
                0xc001c23c                snd_minor_info_init
                0xc001c29c                snd_card_info_init
                0xc001c300                snd_info_init
                0xc001c3e0                snd_minor_info_oss_init
 .init.text     0xc001c7f0     0x2868 net/built-in.o
                0xc001c86c                sk_init
                0xc001c908                skb_init
                0xc001cd84                netdev_boot_setup
                0xc001ce78                dev_mcast_init
                0xc001cec8                dst_init
                0xc001cf70                rtnetlink_init
                0xc001d448                netfilter_init
                0xc001d4f0                netfilter_log_init
                0xc001d540                netfilter_queue_init
                0xc001d5d4                ip_static_sysctl_init
                0xc001d5f8                ip_rt_init
                0xc001d918                inet_initpeers
                0xc001d9e8                ipfrag_init
                0xc001da80                ip_init
                0xc001dadc                tcp_init
                0xc001dd84                tcp_v4_init
                0xc001dde4                tcp4_proc_init
                0xc001de1c                raw_proc_exit
                0xc001de6c                raw_proc_init
                0xc001de88                udp_init
                0xc001def0                udp4_proc_init
                0xc001df0c                udplite4_register
                0xc001df98                arp_init
                0xc001e038                icmp_init
                0xc001e124                devinet_init
                0xc001e6ec                igmp_mc_proc_init
                0xc001e740                ip_fib_init
                0xc001e9f4                fib_proc_init
                0xc001ea28                fib_hash_init
                0xc001ea8c                ip_misc_proc_init
                0xc001ecb8                xfrm4_init
                0xc001ecd8                xfrm4_state_init
                0xc001ecf4                xfrm_init
                0xc001ede0                xfrm_state_init
                0xc001ee70                xfrm_input_init
                0xc001ef60                rpcauth_init_module
                0xc001ef84                rpc_init_authunix
                0xc001ef94                rpc_init_generic_auth
 *(.devinit.text)
 .devinit.text  0xc001f058      0x8ac drivers/built-in.o
 *(.cpuinit.text)
 .cpuinit.text  0xc001f904      0x168 init/built-in.o
                0xc001f904                calibrate_delay
 .cpuinit.text  0xc001fa6c      0x4bc kernel/built-in.o
                0xc001fa6c                init_idle_bootup_task
                0xc001fa88                init_idle
                0xc001fbc0                idle_regs
                0xc001fbe0                fork_idle
 .cpuinit.text  0xc001ff28      0x520 mm/built-in.o
 .cpuinit.text  0xc0020448       0x44 drivers/built-in.o
                0xc0020448                register_cpu
 *(.meminit.text)
 .meminit.text  0xc002048c      0x338 mm/built-in.o
                0xc002048c                init_currently_empty_zone
                0xc0020598                memmap_init_zone
                0xc00206dc                __free_pages_bootmem
                0xc0020764                mminit_verify_page_links
                0xc00207c4                _einittext = .
                0xc00207c4                __proc_info_begin = .
 *(.proc.info.init)
 .proc.info.init
                0xc00207c4       0x34 arch/arm/mm/built-in.o
                0xc00207f8                __proc_info_end = .
                0xc00207f8                __arch_info_begin = .
 *(.arch.info.init)
 .arch.info.init
                0xc00207f8       0x34 arch/arm/mach-GM/platform-GM8126/built-in.o
                0xc002082c                __arch_info_end = .
                0xc002082c                __tagtable_begin = .
 *(.taglist.init)
 .taglist.init  0xc002082c       0x30 arch/arm/kernel/built-in.o
 .taglist.init  0xc002085c       0x10 arch/arm/mm/built-in.o
                0xc002086c                __tagtable_end = .
                0xc0020870                . = ALIGN (0x10)
 *fill*         0xc002086c        0x4 00
                0xc0020870                __setup_start = .
 *(.init.setup)
 .init.setup    0xc0020870       0xe4 init/built-in.o
 .init.setup    0xc0020954       0x30 arch/arm/kernel/built-in.o
 .init.setup    0xc0020984       0x18 arch/arm/mm/built-in.o
 .init.setup    0xc002099c       0x9c kernel/built-in.o
 .init.setup    0xc0020a38       0x30 mm/built-in.o
 .init.setup    0xc0020a68       0x18 fs/built-in.o
 .init.setup    0xc0020a80        0xc block/built-in.o
 .init.setup    0xc0020a8c       0x48 drivers/built-in.o
 .init.setup    0xc0020ad4       0x30 net/built-in.o
                0xc0020b04                __setup_end = .
                0xc0020b04                __early_begin = .
 *(.early_param.init)
 .early_param.init
                0xc0020b04        0x8 arch/arm/kernel/built-in.o
 .early_param.init
                0xc0020b0c       0x30 arch/arm/mm/built-in.o
                0xc0020b3c                __early_end = .
                0xc0020b3c                __initcall_start = .
 *(.initcallearly.init)
 .initcallearly.init
                0xc0020b3c        0x4 kernel/built-in.o
                0xc0020b40                __early_initcall_end = .
 *(.initcall0.init)
 .initcall0.init
                0xc0020b40        0x4 net/built-in.o
 *(.initcall0s.init)
 *(.initcall1.init)
 .initcall1.init
                0xc0020b44        0x4 arch/arm/kernel/built-in.o
 .initcall1.init
                0xc0020b48        0x4 arch/arm/mm/built-in.o
 .initcall1.init
                0xc0020b4c        0x4 arch/arm/mach-GM/built-in.o
 .initcall1.init
                0xc0020b50        0xc kernel/built-in.o
 .initcall1.init
                0xc0020b5c        0xc fs/built-in.o
 .initcall1.init
                0xc0020b68        0x4 lib/built-in.o
 .initcall1.init
                0xc0020b6c        0x8 net/built-in.o
 *(.initcall1s.init)
 *(.initcall2.init)
 .initcall2.init
                0xc0020b74        0x4 mm/built-in.o
 .initcall2.init
                0xc0020b78        0xc drivers/built-in.o
 *(.initcall2s.init)
 *(.initcall3.init)
 .initcall3.init
                0xc0020b84        0x4 arch/arm/mach-GM/platform-GM8126/built-in.o
 .initcall3.init
                0xc0020b88        0x4 arch/arm/kernel/built-in.o
 .initcall3.init
                0xc0020b8c        0x8 arch/arm/mach-GM/built-in.o
 *(.initcall3s.init)
 *(.initcall4.init)
 .initcall4.init
                0xc0020b94        0x4 arch/arm/kernel/built-in.o
 .initcall4.init
                0xc0020b98        0x4 kernel/built-in.o
 .initcall4.init
                0xc0020b9c        0x4 mm/built-in.o
 .initcall4.init
                0xc0020ba0        0x4 fs/built-in.o
 .initcall4.init
                0xc0020ba4       0x10 block/built-in.o
 .initcall4.init
                0xc0020bb4       0x24 drivers/built-in.o
 .initcall4.init
                0xc0020bd8       0x14 net/built-in.o
 *(.initcall4s.init)
 *(.initcall5.init)
 .initcall5.init
                0xc0020bec        0x4 arch/arm/mm/built-in.o
 .initcall5.init
                0xc0020bf0        0x4 kernel/built-in.o
 .initcall5.init
                0xc0020bf4       0x10 fs/built-in.o
 .initcall5.init
                0xc0020c04        0x8 drivers/built-in.o
 .initcall5.init
                0xc0020c0c        0x8 net/built-in.o
 *(.initcall5s.init)
 *(.initcallrootfs.init)
 .initcallrootfs.init
                0xc0020c14        0x4 init/built-in.o
 *(.initcall6.init)
 .initcall6.init
                0xc0020c18        0x4 arch/arm/mach-GM/platform-GM8126/built-in.o
 .initcall6.init
                0xc0020c1c        0x4 arch/arm/kernel/built-in.o
 .initcall6.init
                0xc0020c20       0x38 kernel/built-in.o
 .initcall6.init
                0xc0020c58       0x28 mm/built-in.o
 .initcall6.init
                0xc0020c80       0xa4 fs/built-in.o
 .initcall6.init
                0xc0020d24        0x8 ipc/built-in.o
 .initcall6.init
                0xc0020d2c       0x14 block/built-in.o
 .initcall6.init
                0xc0020d40       0xfc drivers/built-in.o
 .initcall6.init
                0xc0020e3c       0x20 sound/built-in.o
 .initcall6.init
                0xc0020e5c       0x30 net/built-in.o
 *(.initcall6s.init)
 *(.initcall7.init)
 .initcall7.init
                0xc0020e8c        0xc kernel/built-in.o
 .initcall7.init
                0xc0020e98        0x4 lib/built-in.o
 .initcall7.init
                0xc0020e9c        0x8 drivers/built-in.o
 .initcall7.init
                0xc0020ea4        0x4 net/built-in.o
 *(.initcall7s.init)
                0xc0020ea8                __initcall_end = .
                0xc0020ea8                __con_initcall_start = .
 *(.con_initcall.init)
 .con_initcall.init
                0xc0020ea8        0x4 drivers/built-in.o
                0xc0020eac                __con_initcall_end = .
                0xc0020eac                __security_initcall_start = .
 *(.security_initcall.init)
                0xc0020eac                __security_initcall_end = .
                0xc0020ec0                . = ALIGN (0x20)
 *fill*         0xc0020eac       0x14 00
                0xc0020ec0                __initramfs_start = .
 usr/built-in.o(.init.ramfs)
 .init.ramfs    0xc0020ec0   0x2c3ba5 usr/built-in.o
                0xc02e4a65                __initramfs_end = .
                0xc02e5000                . = ALIGN (0x1000)
 *fill*         0xc02e4a65      0x59b 00
                0xc02e5000                __per_cpu_start = .
 *(.data.percpu)
 *(.data.percpu.shared_aligned)
                0xc02e5000                __per_cpu_end = .
                0xc0008000                __init_begin = _stext
 *(.init.data)
 .init.data     0xc02e5000      0xa4d init/built-in.o
                0xc02e5404                boot_command_line
                0xc02e5844                rd_doload
                0xc02e58d8                rd_prompt
                0xc02e58dc                rd_image_start
 *fill*         0xc02e5a4d        0x3 00
 .init.data     0xc02e5a50      0x1ec arch/arm/mach-GM/platform-GM8126/built-in.o
                0xc02e5a50                platform_io_desc
 .init.data     0xc02e5c3c      0x8c4 arch/arm/kernel/built-in.o
                0xc02e5c3c                init_arch_irq
                0xc02e60f0                __atags_pointer
 .init.data     0xc02e6500      0x110 arch/arm/mm/built-in.o
                0xc02e65b4                fa_cache_fns
                0xc02e65d8                fa_user_fns
                0xc02e65e0                fa_tlb_fns
 .init.data     0xc02e6610       0x9e kernel/built-in.o
 *fill*         0xc02e66ae        0x2 00
 .init.data     0xc02e66b0      0x378 mm/built-in.o
                0xc02e66e4                initkmem_list3
 .init.data     0xc02e6a28       0x38 fs/built-in.o
 .init.data     0xc02e6a60        0xa block/built-in.o
 *fill*         0xc02e6a6a        0x2 00
 .init.data     0xc02e6a6c      0xb6c drivers/built-in.o
 .init.data     0xc02e75d8      0x1a0 net/built-in.o
 *(.devinit.data)
 .devinit.data  0xc02e7778      0x400 drivers/built-in.o
 *(.devinit.rodata)
 *(.cpuinit.data)
 .cpuinit.data  0xc02e7b78       0x28 kernel/built-in.o
 *(.cpuinit.rodata)
 *(.meminit.data)
 .meminit.data  0xc02e7ba0        0xc mm/built-in.o
                0xc02e7ba4                nr_kernel_pages
                0xc02e7ba8                nr_all_pages
 *(.meminit.rodata)
                0xc02e7bac                __start___verbose_strings = .
 *(__verbose_strings)
                0xc02e7bac                __stop___verbose_strings = .
                0xc02e7bb0                . = ALIGN (0x8)
 *fill*         0xc02e7bac        0x4 00
                0xc02e7bb0                __start___verbose = .
 *(__verbose)
                0xc02e7bb0                __stop___verbose = .
                0xc02e8000                . = ALIGN (0x1000)
 *fill*         0xc02e7bb0      0x450 00
                0xc02e8000                __init_end = .

.discard        0xc02e8000     0x1920
 *(.exit.text)
 .exit.text     0xc02e8000       0x5c arch/arm/mach-GM/built-in.o
                0xc02e8000                fa_cleanup_ahb_dma
 .exit.text     0xc02e805c       0x20 kernel/built-in.o
 .exit.text     0xc02e807c      0x438 fs/built-in.o
                0xc02e82d0                unregister_nfs_fs
 .exit.text     0xc02e84b4       0xf8 block/built-in.o
 .exit.text     0xc02e85ac      0xaec drivers/built-in.o
                0xc02e8f34                rtc_dev_exit
 .exit.text     0xc02e9098      0x304 sound/built-in.o
                0xc02e90f8                snd_minor_info_done
                0xc02e911c                snd_card_info_done
                0xc02e9164                snd_info_done
                0xc02e91bc                snd_minor_info_oss_done
 .exit.text     0xc02e939c      0x1f0 net/built-in.o
                0xc02e9510                rpcauth_remove_module
                0xc02e952c                rpc_destroy_generic_auth
 *(.devexit.text)
 .devexit.text  0xc02e958c      0x1c8 drivers/built-in.o
 *(.cpuexit.text)
 *(.memexit.text)
 *(.exit.data)
 *(.devexit.data)
 *(.devexit.rodata)
 *(.cpuexit.data)
 *(.cpuexit.rodata)
 *(.memexit.data)
 *(.memexit.rodata)
 *(.exitcall.exit)
 .exitcall.exit
                0xc02e9754        0x4 arch/arm/mach-GM/platform-GM8126/built-in.o
 .exitcall.exit
                0xc02e9758        0x4 kernel/built-in.o
 .exitcall.exit
                0xc02e975c       0x68 fs/built-in.o
 .exitcall.exit
                0xc02e97c4       0x10 block/built-in.o
 .exitcall.exit
                0xc02e97d4      0x108 drivers/built-in.o
 .exitcall.exit
                0xc02e98dc       0x1c sound/built-in.o
 .exitcall.exit
                0xc02e98f8       0x28 net/built-in.o

.text           0xc02e9920   0x37047c
                0xc02e9920                _text = .
                0xc02e9920                __exception_text_start = .
 *(.exception.text)
 .exception.text
                0xc02e9920      0x23c arch/arm/kernel/built-in.o
                0xc02e9920                asm_do_IRQ
                0xc02e99a4                do_undefinstr
 .exception.text
                0xc02e9b5c       0xb8 arch/arm/mm/built-in.o
                0xc02e9b5c                do_PrefetchAbort
                0xc02e9b78                do_DataAbort
                0xc02e9c14                __exception_text_end = .
                0xc02e9c18                . = ALIGN (0x8)
 *fill*         0xc02e9c14        0x4 00
 *(.text.hot)
 *(.text)
 .text          0xc02e9c18        0x0 usr/built-in.o
 .text          0xc02e9c18        0x0 arch/arm/kernel/head.o
 .text          0xc02e9c18        0x0 arch/arm/kernel/init_task.o
 .text          0xc02e9c18      0x4d4 init/built-in.o
                0xc02e9c18                do_one_initcall
                0xc02e9eb8                name_to_dev_t
 .text          0xc02ea0ec      0x638 arch/arm/mach-GM/platform-GM8126/built-in.o
                0xc02ea55c                pmu_get_apb_clk
                0xc02ea574                video_gettime_max_ms
                0xc02ea5a0                video_gettime_max_hz
                0xc02ea5cc                video_gettime_us
                0xc02ea634                video_gettime_ms
                0xc02ea6ec                platform_get_memory
                0xc02ea708                platform_get_gmmemory
 *fill*         0xc02ea724       0x1c 00
 .text          0xc02ea740     0x4bb4 arch/arm/kernel/built-in.o
                0xc02ea740                elf_check_arch
                0xc02ea7d8                arm_elf_read_implies_exec
                0xc02ea804                elf_set_personality
                0xc02eada0                ret_from_exception
                0xc02eadb0                __switch_to
                0xc02eae74                ret_to_user
                0xc02eaea0                ret_from_fork
                0xc02eaee0                vector_swi
                0xc02eafa4                sys_call_table
                0xc02eb5e8                pabort_ifar
                0xc02eb5ec                pabort_noifar
                0xc02eb600                set_irq_flags
                0xc02eb6c4                show_interrupts
                0xc02eb878                disable_hlt
                0xc02eb89c                enable_hlt
                0xc02eb8c0                machine_halt
                0xc02eb8d0                machine_power_off
                0xc02eb8f8                machine_restart
                0xc02eb91c                exit_thread
                0xc02eb92c                get_wchan
                0xc02eb9c4                copy_thread
                0xc02eba3c                kernel_thread
                0xc02ebabc                dump_fpu
                0xc02ebb00                release_thread
                0xc02ebb24                flush_thread
                0xc02ebb7c                __show_regs
                0xc02ebda4                show_regs
                0xc02ebdf4                cpu_idle
                0xc02ebec4                arm_machine_restart
                0xc02ebfc4                syscall_trace
                0xc02ec0c0                ptrace_cancel_bpt
                0xc02ec1ec                arch_ptrace
                0xc02ec5b0                ptrace_disable
                0xc02ec5d0                ptrace_break
                0xc02ec6cc                ptrace_set_bpt
                0xc02ecabc                cpu_architecture
                0xc02ecb54                cpu_init
                0xc02ed508                do_notify_resume
                0xc02ed6f8                sys_rt_sigreturn
                0xc02ed7b8                sys_sigreturn
                0xc02ed860                sys_sigaction
                0xc02ed98c                sys_rt_sigsuspend
                0xc02edac0                sys_sigsuspend
                0xc02edb98                sys_arm_fadvise64_64
                0xc02edbc0                kernel_execve
                0xc02edc4c                sys_execve
                0xc02edca8                sys_vfork
                0xc02edce8                sys_clone
                0xc02edd24                sys_fork
                0xc02edd60                old_select
                0xc02edddc                sys_arm_mremap
                0xc02ede70                do_mmap2
                0xc02edf2c                old_mmap
                0xc02ee060                walk_stackframe
                0xc02ee0c0                save_time_delta
                0xc02ee0f0                restore_time_delta
                0xc02ee134                abort
                0xc02ee14c                __pgd_error
                0xc02ee178                __pmd_error
                0xc02ee1a4                __pte_error
                0xc02ee1d0                __readwrite_bug
                0xc02ee1f8                __bug
                0xc02ee360                do_unexp_fiq
                0xc02ee490                __bad_xchg
                0xc02ee4c0                show_stack
                0xc02ee510                unregister_undef_hook
                0xc02ee598                register_undef_hook
                0xc02ee614                die
                0xc02ee85c                bad_mode
                0xc02ee8b0                arm_notify_die
                0xc02ee908                baddataabort
                0xc02ee9c0                arm_syscall
                0xc02eed0c                __div0
                0xc02eed2c                dump_backtrace_entry
                0xc02eedbc                set_fiq_regs
                0xc02eede8                get_fiq_regs
                0xc02eee14                claim_fiq
                0xc02eee74                disable_fiq
                0xc02eee88                enable_fiq
                0xc02eee9c                release_fiq
                0xc02eef00                set_fiq_handler
                0xc02eef84                show_fiq_list
                0xc02eefbc                module_frob_arch_sections
                0xc02eefd0                module_finalize
                0xc02eefe4                module_arch_cleanup
                0xc02eeff4                apply_relocate_add
                0xc02ef01c                apply_relocate
                0xc02ef1f4                module_free
                0xc02ef20c                module_alloc
                0xc02ef26c                _memcpy_fromio
                0xc02ef29c                _memcpy_toio
                0xc02ef2cc                _memset_io
 *fill*         0xc02ef2f4        0xc 00
 .text          0xc02ef300     0x3440 arch/arm/mm/built-in.o
                0xc02ef300                dma_sync_sg_for_cpu
                0xc02ef330                dma_unmap_sg
                0xc02ef360                dma_consistent_sync
                0xc02ef3b4                dma_cache_maint
                0xc02ef440                dma_sync_sg_for_device
                0xc02ef4c4                dma_map_sg
                0xc02ef5bc                dma_free_coherent
                0xc02efa34                dma_mmap_writecombine
                0xc02efa68                dma_mmap_coherent
                0xc02efee8                dma_alloc_writecombine
                0xc02eff1c                dma_alloc_coherent
                0xc02eff80                fixup_exception
                0xc02effc4                show_pte
                0xc02f0430                do_bad_area
                0xc02f0538                free_initrd_mem
                0xc02f0618                free_initmem
                0xc02f06ec                show_mem
                0xc02f08b8                ioport_map
                0xc02f08c8                ioport_unmap
                0xc02f08d8                update_mmu_cache
                0xc02f09a8                flush_cache_mm
                0xc02f09c8                flush_cache_range
                0xc02f0a70                __flush_anon_page
                0xc02f0adc                __flush_dcache_page
                0xc02f0b58                flush_ptrace_access
                0xc02f0b9c                flush_cache_page
                0xc02f0bb4                flush_dcache_page
                0xc02f0c48                __check_kvm_seq
                0xc02f0d88                __iounmap
                0xc02f0e58                __arm_ioremap_pfn
                0xc02f113c                __arm_ioremap
                0xc02f1190                valid_phys_addr_range
                0xc02f11c0                valid_mmap_phys_addr_range
                0xc02f11e0                arch_get_unmapped_area
                0xc02f13c8                free_pgd_slow
                0xc02f14c4                get_pgd_slow
                0xc02f15ac                adjust_cr
                0xc02f1618                get_mem_type
                0xc02f163c                setup_mm_for_reboot
                0xc02f23c0                v5t_early_abort
                0xc02f2420                fa_flush_kern_cache_all
                0xc02f2420                fa_flush_user_cache_all
                0xc02f2444                fa_flush_user_cache_range
                0xc02f248c                fa_flush_kern_dcache_page
                0xc02f2490                fa_dma_flush_range
                0xc02f2490                fa_coherent_user_range
                0xc02f2490                fa_coherent_kern_range
                0xc02f24c0                fa_dma_inv_range
                0xc02f24ec                fa_dma_clean_range
                0xc02f2510                fa_copy_user_page
                0xc02f2550                fa_clear_user_page
                0xc02f2590                fa_flush_user_tlb_range
                0xc02f25e8                fa_flush_kern_tlb_range
                0xc02f2620                cpu_fa626te_proc_init
                0xc02f2624                cpu_fa626te_proc_fin
                0xc02f2650                cpu_fa626te_reset
                0xc02f2680                cpu_fa626te_do_idle
                0xc02f2688                cpu_fa626te_dcache_clean_area
                0xc02f26a0                fault_address
                0xc02f26a4                cpu_fa626te_switch_mm
                0xc02f26e0                cpu_fa626te_set_pte_ext
 .text          0xc02f2740     0x36d4 arch/arm/mach-GM/built-in.o
                0xc02f2a7c                ftpmu010_get_attr
                0xc02f2ad0                ftpmu010_read_reg
                0xc02f2af0                ftpmu010_clock_divisor
                0xc02f2ba4                ftpmu010_init
                0xc02f2e60                ftpmu010_bits_is_locked
                0xc02f2f18                ftpmu010_update_lockbits
                0xc02f3050                ftpmu010_del_lockbits
                0xc02f3108                ftpmu010_add_lockbits
                0xc02f3254                ftpmu010_write_reg
                0xc02f33f8                ftpmu010_deregister_reg
                0xc02f3494                ftpmu010_deregister_attr
                0xc02f3534                ftpmu010_register_attr
                0xc02f3608                ftpmu010_register_reg
                0xc02f3b48                fa_ahb_dma_all_done
                0xc02f3b80                fa_ahb_dma_get_irq
                0xc02f3bf4                fa_ahb_dma_get_dest_addr
                0xc02f3c1c                fa_ahb_dma_get_src_addr
                0xc02f3c44                fa_ahb_dma_add
                0xc02f3ef0                fa_ahb_dma_add_no_extrahead
                0xc02f41a4                fa_ahb_dma_add_auto
                0xc02f43e8                fa_ahb_dma_clear_llp_idx
                0xc02f4414                fa_ahb_dma_reset2
                0xc02f4490                fa_ahb_dma_get_status
                0xc02f4510                fa_get_ahb_dma_params
                0xc02f4534                fa_set_ahb_dma_usual_params
                0xc02f4560                fa_set_ahb_dma_transfer_params
                0xc02f459c                fa_set_ahb_dma_transfer_params2
                0xc02f4630                fa_set_ahb_dma_transfer_bs
                0xc02f4654                fa_set_ahb_dma_src_params
                0xc02f4688                fa_set_ahb_dma_dst_params
                0xc02f46bc                fa_set_ahb_dma_cfg_params
                0xc02f46f0                fa_ahb_dma_start
                0xc02f4734                fa_ahb_dma_clear_int
                0xc02f4778                fa_ahb_dma_stop
                0xc02f47f4                fa_ahb_dma_resume
                0xc02f4824                fa_ahb_dma_pause
                0xc02f4854                fa_ahb_dma_priority_set
                0xc02f4890                fa_ahb_dma_set_llp
                0xc02f496c                fa_set_ahb_llp_address
                0xc02f4b28                fa_ahb_set_dma_sg
                0xc02f4c90                fa_ahb_dma_cloop_llp_init
                0xc02f4e70                fa_ahb_free_llp_mem
                0xc02f4ecc                fa_ahb_dma_reset
                0xc02f4f74                fa_free_ahb_dma
                0xc02f5098                fa_request_ahb_dma_ch
                0xc02f5228                fa_request_ahb_dma_auto
                0xc02f53bc                fa_ahb_dma_init
                0xc02f5520                get_first_last_page
                0xc02f55a0                fmem_get_pageinfo
                0xc02f55bc                check_memory_hole
                0xc02f56f0                remove_page_node
                0xc02f5764                fmem_give_pages
                0xc02f5904                get_mem_nodeshift
                0xc02f5974                fmem_get_ddr0_szbits
                0xc02f5988                fmem_get_ddr0_mask
                0xc02f59a4                fmem_local_map_nr
                0xc02f59c8                fmem_pfn_to_nid
                0xc02f59e8                fmem_kvaddr_to_nid
                0xc02f5a08                CheckTxStatus
                0xc02f5a34                debug_printk
                0xc02f5aac                fmem_free_ex
                0xc02f5b68                fmem_alloc_ex
 .text          0xc02f5e14    0x333b8 kernel/built-in.o
                0xc02f5e14                task_rq_unlock_wait
                0xc02f6164                task_curr
                0xc02f618c                nr_running
                0xc02f61a8                nr_context_switches
                0xc02f61c8                nr_iowait
                0xc02f61e4                account_user_time_scaled
                0xc02f6200                account_system_time_scaled
                0xc02f621c                task_gtime
                0xc02f62b0                __wake_up_locked
                0xc02f62dc                task_prio
                0xc02f62f4                task_nice
                0xc02f630c                idle_cpu
                0xc02f6338                idle_task
                0xc02f6354                sys_sched_get_priority_max
                0xc02f6378                sys_sched_get_priority_min
                0xc02f63a0                in_sched_functions
                0xc02f648c                sched_group_shares
                0xc02f692c                account_steal_time
                0xc02f69e4                account_system_time
                0xc02f6b98                account_user_time
                0xc02f6c38                nr_active
                0xc02f6c64                nr_uninterruptible
                0xc02f77b8                sched_show_task
                0xc02f789c                can_nice
                0xc02f7934                task_utime
                0xc02f79a4                task_stime
                0xc02f7ba8                sys_sched_yield
                0xc02f7c08                sched_rt_handler
                0xc02f7dd4                sched_group_set_shares
                0xc02f7ffc                sched_move_task
                0xc02f8138                set_user_nice
                0xc02f832c                sys_nice
                0xc02f83dc                rt_mutex_setprio
                0xc02f865c                default_wake_function
                0xc02f8674                wake_up_state
                0xc02f868c                wake_up_process
                0xc02f86a8                task_delta_exec
                0xc02f8764                wake_up_new_task
                0xc02f8894                sched_destroy_group
                0xc02f8954                sched_create_group
                0xc02f8efc                normalize_rt_tasks
                0xc02f92dc                show_state_filter
                0xc02f9390                sys_sched_rr_get_interval
                0xc02f950c                cond_resched_lock
                0xc02f95a8                sched_getaffinity
                0xc02f9628                sys_sched_getaffinity
                0xc02f96a8                sched_setaffinity
                0xc02f9820                sys_sched_setaffinity
                0xc02f98c4                sys_sched_getparam
                0xc02f99a4                sys_sched_getscheduler
                0xc02f9da8                sched_setscheduler_nocheck
                0xc02f9dc0                sched_setscheduler
                0xc02f9ec0                sys_sched_setparam
                0xc02f9edc                sys_sched_setscheduler
                0xc02f9efc                completion_done
                0xc02f9f64                try_wait_for_completion
                0xc02f9fe8                complete_all
                0xc02fa074                complete
                0xc02fa100                __wake_up_sync
                0xc02fa184                __wake_up
                0xc02fa1fc                scheduler_tick
                0xc02fa2d0                sched_fork
                0xc02fa388                runqueue_is_locked
                0xc02fa60c                schedule_tail
                0xc02fa67c                nr_processes
                0xc02fa698                arch_dup_task_struct
                0xc02fa724                unshare_files
                0xc02fa7c0                get_task_mm
                0xc02fa84c                __cleanup_sighand
                0xc02fa93c                copy_fs_struct
                0xc02fa96c                sys_set_tid_address
                0xc02fa99c                __cleanup_signal
                0xc02faa9c                mm_alloc
                0xc02faaf0                mm_release
                0xc02fab8c                __mmdrop
                0xc02fabd8                mmput
                0xc02facdc                sys_unshare
                0xc02fafa8                dup_mm
                0xc02fb388                free_task
                0xc02fc27c                do_fork
                0xc02fc500                __put_task_struct
                0xc02fc684                unregister_exec_domain
                0xc02fc744                register_exec_domain
                0xc02fc7f0                __set_personality
                0xc02fcb1c                sys_personality
                0xc02fcb90                test_taint
                0xc02fcbc8                get_taint
                0xc02fcbe4                oops_may_print
                0xc02fcdac                oops_exit
                0xc02fcdc4                oops_enter
                0xc02fcddc                add_taint
                0xc02fce08                warn_slowpath
                0xc02fce88                warn_on_slowpath
                0xc02fcef0                print_tainted
                0xc02fcf98                early_printk
                0xc02fd130                is_console_locked
                0xc02fd14c                printk_needs_cpu
                0xc02fd168                wake_up_klogd
                0xc02fd19c                update_console_cmdline
                0xc02fd250                printk_timed_ratelimit
                0xc02fd2ac                printk_ratelimit
                0xc02fd2c8                try_acquire_console_sem
                0xc02fd304                release_console_sem
                0xc02fd520                resume_console
                0xc02fd558                printk_tick
                0xc02fd59c                acquire_console_sem
                0xc02fd614                unregister_console
                0xc02fd6b0                console_start
                0xc02fd6d8                console_stop
                0xc02fd700                console_device
                0xc02fd760                console_unblank
                0xc02fd7e8                vprintk
                0xc02fdb28                register_console
                0xc02fde18                console_print
                0xc02fde38                suspend_console
                0xc02fde7c                do_syslog
                0xc02fe36c                sys_syslog
                0xc02fe430                add_preferred_console
                0xc02fe444                get_files_struct
                0xc02fe4c0                is_current_pgrp_orphaned
                0xc02fe924                put_fs_struct
                0xc02fe980                exit_fs
                0xc02fe9e0                put_files_struct
                0xc02feab4                exit_files
                0xc02feb14                reset_files_struct
                0xc02feb6c                disallow_signal
                0xc02fec04                allow_signal
                0xc02fecd4                __set_special_pids
                0xc02fed54                daemonize
                0xc02ff024                session_of_pgrp
                0xc02ff064                release_task
                0xc03000f8                sys_wait4
                0xc03001d0                sys_waitid
                0xc0300298                do_exit
                0xc0300a74                do_group_exit
                0xc0300b68                sys_exit_group
                0xc0300b88                sys_exit
                0xc0300ba4                complete_and_exit
                0xc0300c38                do_setitimer
                0xc0300f7c                sys_setitimer
                0xc0301068                alarm_setitimer
                0xc03010e4                it_real_fn
                0xc0301108                do_getitimer
                0xc0301308                sys_getitimer
                0xc0301380                jiffies_to_msecs
                0xc0301390                jiffies_to_usecs
                0xc03013a8                timespec_trunc
                0xc0301414                mktime
                0xc03014b4                set_normalized_timespec
                0xc0301508                msecs_to_jiffies
                0xc0301520                usecs_to_jiffies
                0xc030154c                timespec_to_jiffies
                0xc03015bc                jiffies_to_timespec
                0xc0301638                timeval_to_jiffies
                0xc03016ac                jiffies_to_timeval
                0xc0301734                jiffies_to_clock_t
                0xc0301794                clock_t_to_jiffies
                0xc03017c0                jiffies_64_to_clock_t
                0xc0301820                nsec_to_clock_t
                0xc0301870                timespec_add_safe
                0xc0301910                get_jiffies_64
                0xc0301950                ns_to_timespec
                0xc03019b8                ns_to_timeval
                0xc03019f8                current_fs_time
                0xc0301a38                sys_adjtimex
                0xc0301aec                do_sys_settimeofday
                0xc0301c48                sys_settimeofday
                0xc0301d38                sys_gettimeofday
                0xc0301df8                open_softirq
                0xc0301fbc                tasklet_init
                0xc0301fe4                raise_softirq_irqoff
                0xc0302048                __send_remote_softirq
                0xc03020d4                send_remote_softirq
                0xc0302100                __tasklet_hi_schedule
                0xc0302184                __tasklet_schedule
                0xc0302208                raise_softirq
                0xc030227c                tasklet_kill
                0xc0302318                irq_enter
                0xc0302380                local_bh_disable
                0xc03023a8                _local_bh_enable
                0xc0302444                __do_softirq
                0xc030254c                irq_exit
                0xc03025b8                do_softirq
                0xc030276c                local_bh_enable_ip
                0xc0302830                local_bh_enable
                0xc03028f4                __local_bh_enable
                0xc0302bc0                resource_alignment
                0xc0302dd0                adjust_resource
                0xc0302ec4                insert_resource
                0xc0302f1c                allocate_resource
                0xc03030d0                release_resource
                0xc0303160                request_resource
                0xc0303230                iomem_map_sanity_check
                0xc030333c                insert_resource_expand_to_fit
                0xc03033f4                __release_region
                0xc0303504                __devm_release_region
                0xc0303590                __request_region
                0xc03036c0                __devm_request_region
                0xc0303744                __check_region
                0xc03037cc                setup_sysctl_set
                0xc0303960                sysctl_intvec
                0xc0303a1c                sysctl_jiffies
                0xc0303ec4                proc_dointvec_ms_jiffies
                0xc0303f20                proc_dointvec_userhz_jiffies
                0xc0303f7c                proc_dointvec_jiffies
                0xc0303fd8                proc_dointvec_minmax
                0xc0304044                proc_dointvec
                0xc0304148                sysctl_string
                0xc03042d0                sysctl_data
                0xc03047f0                proc_doulongvec_ms_jiffies_minmax
                0xc0304844                proc_doulongvec_minmax
                0xc0304898                proc_dostring
                0xc0304b48                sysctl_ms_jiffies
                0xc0304d00                sysctl_is_seen
                0xc0304d84                register_sysctl_root
                0xc0304de4                sysctl_head_grab
                0xc0304e60                sysctl_head_get
                0xc0304eb0                sysctl_head_put
                0xc0304f18                unregister_sysctl_table
                0xc030504c                __register_sysctl_paths
                0xc0305374                register_sysctl_paths
                0xc03053ac                register_sysctl_table
                0xc03053cc                sysctl_perm
                0xc0305450                __sysctl_head_next
                0xc03055a0                sysctl_head_next
                0xc03055cc                sysctl_head_finish
                0xc0305648                do_sysctl
                0xc0305814                sys_sysctl
                0xc030598c                capable
                0xc03059d0                cap_set_effective
                0xc0305b60                sys_capset
                0xc0306034                sys_capget
                0xc03061e8                generic_ptrace_pokedata
                0xc0306228                generic_ptrace_peekdata
                0xc0306270                __ptrace_link
                0xc03062b8                ptrace_get_task_struct
                0xc030633c                ptrace_check_attach
                0xc0306438                ptrace_traceme
                0xc0306544                ptrace_writedata
                0xc03066a0                ptrace_readdata
                0xc030676c                __ptrace_may_access
                0xc030683c                ptrace_attach
                0xc030699c                sys_ptrace
                0xc0306a60                ptrace_may_access
                0xc0306ab4                __ptrace_unlink
                0xc0306b7c                ptrace_detach
                0xc0306c4c                ptrace_request
                0xc0307040                __round_jiffies
                0xc0307058                __round_jiffies_relative
                0xc0307084                round_jiffies
                0xc03070a0                round_jiffies_relative
                0xc03070b8                __round_jiffies_up
                0xc03070d0                __round_jiffies_up_relative
                0xc03070fc                round_jiffies_up
                0xc0307118                round_jiffies_up_relative
                0xc03071c8                init_timer
                0xc03071f0                init_timer_deferrable
                0xc030721c                sys_getuid
                0xc0307240                sys_geteuid
                0xc0307264                sys_getgid
                0xc0307288                sys_getegid
                0xc03073bc                del_timer
                0xc0307454                add_timer_on
                0xc0307500                __mod_timer
                0xc0307624                mod_timer
                0xc03078cc                do_sysinfo
                0xc0307a8c                sys_sysinfo
                0xc0307af4                sys_gettid
                0xc0307b1c                sys_getppid
                0xc0307b7c                sys_getpid
                0xc0307ba8                msleep
                0xc0307bd4                msleep_interruptible
                0xc0307c3c                do_timer
                0xc0307d18                run_local_timers
                0xc0307d34                account_process_tick
                0xc0307d80                update_process_times
                0xc0307df0                find_user
                0xc0307fa4                alloc_uid
                0xc03081dc                free_uid
                0xc030828c                switch_uid
                0xc0308468                recalc_sigpending
                0xc03084b0                flush_signal_handlers
                0xc0308504                unhandled_signal
                0xc030854c                __fatal_signal_pending
                0xc0308568                sys_restart_syscall
                0xc0308590                do_no_restart_syscall
                0xc03085a4                arch_vma_name
                0xc03085b8                sys_pause
                0xc03085ec                do_sigaltstack
                0xc030875c                copy_siginfo_to_user
                0xc03089a0                do_sigpending
                0xc0308aa8                sys_sigpending
                0xc0308ac0                sys_rt_sigpending
                0xc0308ad4                lock_task_sighand
                0xc0308b90                block_all_signals
                0xc0308c08                sys_sigprocmask
                0xc0308db0                sigprocmask
                0xc0308ee0                sys_rt_sigprocmask
                0xc0309048                unblock_all_signals
                0xc03091c4                do_sigaction
                0xc03093a0                sys_rt_sigaction
                0xc0309520                sigqueue_free
                0xc03096ac                flush_itimer_signals
                0xc0309724                flush_sigqueue
                0xc0309774                flush_signals
                0xc030980c                ignore_signals
                0xc0309ac0                signal_wake_up
                0xc0309b00                zap_other_threads
                0xc0309b5c                recalc_sigpending_and_wake
                0xc0309b88                next_signal
                0xc0309c90                sigqueue_alloc
                0xc030a398                sys_tkill
                0xc030a3c4                sys_tgkill
                0xc030a3e8                send_sig_info
                0xc030a464                send_sig
                0xc030a488                force_sig_info
                0xc030a59c                force_sig
                0xc030a5b8                force_sigsegv
                0xc030a640                force_sig_specific
                0xc030a65c                __group_send_sig_info
                0xc030a674                group_send_sig_info
                0xc030a718                __kill_pgrp_info
                0xc030a77c                kill_pgrp
                0xc030a7e0                send_sigqueue
                0xc030aad8                exit_signals
                0xc030adf0                ptrace_notify
                0xc030b044                do_notify_parent
                0xc030b258                kill_pid_info_as_uid
                0xc030b3a4                kill_pid_info
                0xc030b434                sys_kill
                0xc030b5b8                kill_pid
                0xc030b5e0                kill_proc_info
                0xc030b64c                sys_rt_sigqueueinfo
                0xc030b6e8                dequeue_signal
                0xc030b890                sys_rt_sigtimedwait
                0xc030bb58                get_signal_to_deliver
                0xc030bf40                sys_getresuid
                0xc030bf94                sys_getresgid
                0xc030bfe8                groups_search
                0xc030c058                in_group_p
                0xc030c094                in_egroup_p
                0xc030c0d0                sys_umask
                0xc030c108                sys_getcpu
                0xc030c164                sys_prctl
                0xc030c3d4                sys_getgroups
                0xc030c488                getrusage
                0xc030c6f0                sys_getrusage
                0xc030c734                sys_getrlimit
                0xc030c7ec                sys_setrlimit
                0xc030c970                sys_setdomainname
                0xc030ca64                sys_sethostname
                0xc030cb54                sys_gethostname
                0xc030cbf0                sys_newuname
                0xc030cc6c                groups_free
                0xc030ccc0                set_current_groups
                0xc030ce74                groups_alloc
                0xc030cf30                sys_setgroups
                0xc030d07c                sys_setsid
                0xc030d148                sys_getsid
                0xc030d1dc                sys_getpgid
                0xc030d270                sys_getpgrp
                0xc030d288                sys_setpgid
                0xc030d430                do_sys_times
                0xc030d4e4                sys_times
                0xc030d55c                sys_setfsgid
                0xc030d610                sys_setresgid
                0xc030d79c                sys_setgid
                0xc030d894                sys_setregid
                0xc030d9d0                sys_setfsuid
                0xc030db68                sys_setresuid
                0xc030dd40                sys_setuid
                0xc030de34                sys_setreuid
                0xc030dfbc                ctrl_alt_del
                0xc030e044                kernel_power_off
                0xc030e088                orderly_poweroff
                0xc030e150                kernel_restart_prepare
                0xc030e18c                kernel_halt
                0xc030e1b8                kernel_restart
                0xc030e218                sys_reboot
                0xc030e3d8                emergency_restart
                0xc030e3f0                sys_getpriority
                0xc030e674                sys_setpriority
                0xc030e85c                call_usermodehelper_setkeys
                0xc030e870                call_usermodehelper_setcleanup
                0xc030e884                call_usermodehelper_stdinpipe
                0xc030e8e4                call_usermodehelper_setup
                0xc030eb14                call_usermodehelper_freeinfo
                0xc030eb48                call_usermodehelper_exec
                0xc030ebdc                call_usermodehelper_pipe
                0xc030ecb8                request_module
                0xc030ee10                keventd_up
                0xc030ee34                current_is_keventd
                0xc030f1d8                destroy_workqueue
                0xc030f27c                flush_workqueue
                0xc030f294                flush_scheduled_work
                0xc030f2b4                flush_work
                0xc030f428                queue_work_on
                0xc030f488                schedule_work_on
                0xc030f4ac                queue_work
                0xc030f508                schedule_work
                0xc030f52c                execute_in_process_context
                0xc030f5a8                schedule_on_each_cpu
                0xc030f79c                __create_workqueue_key
                0xc030fac4                cancel_delayed_work_sync
                0xc030fadc                cancel_work_sync
                0xc030faf4                queue_delayed_work_on
                0xc030fbc4                schedule_delayed_work_on
                0xc030fbf0                queue_delayed_work
                0xc030fc20                schedule_delayed_work
                0xc030fc4c                find_pid_ns
                0xc030fcd8                find_vpid
                0xc030fd04                attach_pid
                0xc030fd50                transfer_pid
                0xc030fdbc                pid_task
                0xc030fe00                find_task_by_pid_type_ns
                0xc030fe54                find_task_by_vpid
                0xc030fe88                find_task_by_pid_ns
                0xc030fea8                pid_nr_ns
                0xc030fee8                pid_vnr
                0xc030ff40                task_pid_nr_ns
                0xc030ff84                task_tgid_nr_ns
                0xc030ffcc                task_pgrp_nr_ns
                0xc0310014                task_session_nr_ns
                0xc031005c                find_get_pid
                0xc03100d8                get_pid_task
                0xc0310180                get_task_pid
                0xc0310204                is_container_init
                0xc0310280                put_pid
                0xc0310340                alloc_pid
                0xc0310714                free_pid
                0xc03107ec                change_pid
                0xc03108a8                detach_pid
                0xc0310924                next_pidmap
                0xc03109a4                find_ge_pid
                0xc0310a2c                wakeme_after_rcu
                0xc0310a44                synchronize_rcu
                0xc0310ba0                rcu_barrier_sched
                0xc0310bb8                rcu_barrier_bh
                0xc0310bd0                rcu_barrier
                0xc0310be8                core_kernel_text
                0xc0310c5c                kernel_text_address
                0xc0310cd4                __kernel_text_address
                0xc0310d4c                search_exception_tables
                0xc0310d88                param_set_bool
                0xc0310e08                param_set_invbool
                0xc0310e50                param_array_get
                0xc0310fc0                parse_args
                0xc031122c                param_get_string
                0xc031127c                module_param_sysfs_remove
                0xc031140c                module_param_sysfs_setup
                0xc03114f0                param_set_copystring
                0xc0311568                param_set_charp
                0xc03115cc                param_get_invbool
                0xc03115fc                param_get_bool
                0xc031162c                param_get_charp
                0xc0311650                param_get_ulong
                0xc0311674                param_get_long
                0xc0311698                param_get_uint
                0xc03116bc                param_get_int
                0xc03116e0                param_get_ushort
                0xc0311704                param_get_short
                0xc0311728                param_get_byte
                0xc031174c                param_set_ulong
                0xc0311798                param_set_uint
                0xc03117e4                param_set_ushort
                0xc031183c                param_set_byte
                0xc0311894                param_set_long
                0xc03118e0                param_set_int
                0xc031192c                param_set_short
                0xc0311988                param_array_set
                0xc0311aa8                do_posix_clock_nosettime
                0xc0311abc                do_posix_clock_nonanosleep
                0xc0311b08                clock_nanosleep_restart
                0xc0311b54                sys_clock_nanosleep
                0xc0311c98                sys_clock_getres
                0xc0311d78                sys_clock_gettime
                0xc0311e68                sys_clock_settime
                0xc0311ffc                exit_itimers
                0xc031226c                sys_timer_delete
                0xc0312430                sys_timer_getoverrun
                0xc03125bc                sys_timer_settime
                0xc0312924                sys_timer_gettime
                0xc0312a08                sys_timer_create
                0xc0312e20                register_posix_clock
                0xc0312e7c                posix_timer_event
                0xc0313024                do_schedule_next_timer
                0xc031318c                kthread_should_stop
                0xc03131c4                kthread_bind
                0xc0313210                kthreadd
                0xc0313464                kthread_stop
                0xc0313514                kthread_create
                0xc03135f0                init_waitqueue_head
                0xc0313608                bit_waitqueue
                0xc0313680                __wake_up_bit
                0xc03136bc                wake_up_bit
                0xc03136e4                autoremove_wake_function
                0xc0313720                wake_bit_function
                0xc0313784                finish_wait
                0xc0313838                prepare_to_wait_exclusive
                0xc03138d8                prepare_to_wait
                0xc0313978                remove_wait_queue
                0xc0313a00                add_wait_queue_exclusive
                0xc0313a84                add_wait_queue
                0xc0313b08                __kfifo_get
                0xc0313b84                __kfifo_put
                0xc0313c04                kfifo_free
                0xc0313c28                kfifo_init
                0xc0313ca4                kfifo_alloc
                0xc0313d30                compat_sys_mq_open
                0xc0313d30                sys_acct
                0xc0313d30                sys_mq_open
                0xc0313d30                sys_ni_syscall
                0xc0313d30                compat_sys_futex
                0xc0313d30                sys_mq_timedreceive
                0xc0313d30                sys_epoll_pwait
                0xc0313d30                sys_mq_notify
                0xc0313d30                compat_sys_recvmsg
                0xc0313d30                sys_mbind
                0xc0313d30                sys32_sysctl
                0xc0313d30                compat_sys_mq_notify
                0xc0313d30                sys_migrate_pages
                0xc0313d30                compat_sys_mq_timedreceive
                0xc0313d30                compat_sys_epoll_pwait
                0xc0313d30                compat_sys_set_robust_list
                0xc0313d30                compat_sys_setsockopt
                0xc0313d30                sys_pciconfig_iobase
                0xc0313d30                sys_pciconfig_read
                0xc0313d30                sys_keyctl
                0xc0313d30                compat_sys_ipc
                0xc0313d30                sys32_quotactl
                0xc0313d30                sys_quotactl
                0xc0313d30                sys_nfsservctl
                0xc0313d30                ppc_rtas
                0xc0313d30                compat_sys_get_robust_list
                0xc0313d30                sys_spu_run
                0xc0313d30                compat_sys_signalfd
                0xc0313d30                sys_add_key
                0xc0313d30                sys_vm86old
                0xc0313d30                sys_mq_unlink
                0xc0313d30                sys_set_mempolicy
                0xc0313d30                compat_sys_move_pages
                0xc0313d30                sys_socketcall
                0xc0313d30                compat_sys_socketcall
                0xc0313d30                compat_sys_sysctl
                0xc0313d30                compat_sys_set_mempolicy
                0xc0313d30                sys_request_key
                0xc0313d30                compat_sys_timerfd_gettime
                0xc0313d30                compat_sys_mq_timedsend
                0xc0313d30                sys_kexec_load
                0xc0313d30                compat_sys_mbind
                0xc0313d30                sys_get_mempolicy
                0xc0313d30                sys32_ipc
                0xc0313d30                sys_move_pages
                0xc0313d30                compat_sys_keyctl
                0xc0313d30                sys_mq_getsetattr
                0xc0313d30                compat_sys_migrate_pages
                0xc0313d30                compat_sys_mq_getsetattr
                0xc0313d30                compat_sys_kexec_load
                0xc0313d30                compat_sys_signalfd4
                0xc0313d30                sys_vm86
                0xc0313d30                sys_lookup_dcookie
                0xc0313d30                compat_sys_timerfd_settime
                0xc0313d30                compat_sys_getsockopt
                0xc0313d30                sys_mq_timedsend
                0xc0313d30                sys_pciconfig_write
                0xc0313d30                sys_subpage_prot
                0xc0313d30                compat_sys_sendmsg
                0xc0313d30                compat_sys_get_mempolicy
                0xc0313d30                sys_spu_create
                0xc0313fb4                posix_cpu_timers_exit
                0xc0314024                thread_group_cputime
                0xc0314098                posix_cpu_timers_exit_group
                0xc0314430                set_process_cpu_timer
                0xc0314518                update_rlimit_cpu
                0xc03146b4                posix_cpu_timer_schedule
                0xc03148a8                run_posix_cpu_timers
                0xc03150a4                posix_cpu_timer_get
                0xc0315334                posix_cpu_timer_del
                0xc031545c                posix_cpu_timer_set
                0xc03158d4                posix_cpu_timer_create
                0xc0315c1c                posix_cpu_nsleep_restart
                0xc0315cf4                posix_cpu_nsleep
                0xc0315e1c                posix_cpu_clock_get
                0xc0316080                posix_cpu_clock_set
                0xc031609c                posix_cpu_clock_getres
                0xc0316110                thread_group_cputime_alloc
                0xc03161fc                __mutex_init
                0xc0316298                ktime_add_safe
                0xc031632c                hrtimer_get_res
                0xc0316360                hrtimer_init_sleeper
                0xc0316388                ktime_sub_ns
                0xc031643c                ktime_add_ns
                0xc0316504                hrtimer_get_remaining
                0xc03169c8                hrtimer_try_to_cancel
                0xc0316a6c                hrtimer_cancel
                0xc0316a94                hrtimer_init
                0xc0316be0                hrtimer_run_queues
                0xc0316e58                hres_timers_resume
                0xc0316e70                clock_was_set
                0xc0316ea0                hrtimer_start_range_ns
                0xc0317050                hrtimer_nanosleep
                0xc031718c                sys_nanosleep
                0xc031723c                hrtimer_start
                0xc0317268                ktime_divns
                0xc03172d0                hrtimer_forward
                0xc031748c                ktime_get_ts
                0xc03174ec                ktime_get
                0xc0317520                hrtimer_interrupt
                0xc031773c                hrtimer_peek_ahead_timers
                0xc0317788                ktime_get_real
                0xc0317978                hrtimer_run_pending
                0xc0317a40                downgrade_write
                0xc0317a54                up_write
                0xc0317a68                up_read
                0xc0317a7c                down_write_trylock
                0xc0317a90                down_read_trylock
                0xc0317aa4                free_nsproxy
                0xc0317af8                switch_task_namespaces
                0xc0317b48                exit_task_namespaces
                0xc0317cc0                unshare_nsproxy_namespaces
                0xc0317d38                copy_namespaces
                0xc0317e14                srcu_batches_completed
                0xc0317e28                synchronize_srcu
                0xc0317e9c                srcu_read_unlock
                0xc0317ef0                srcu_read_lock
                0xc0317f50                cleanup_srcu_struct
                0xc0317f94                init_srcu_struct
                0xc0317fec                down_trylock
                0xc031805c                up
                0xc03180dc                down_timeout
                0xc0318160                down_interruptible
                0xc03181e4                down
                0xc031825c                down_killable
                0xc0318358                raw_notifier_chain_register
                0xc031839c                raw_notifier_chain_unregister
                0xc03183e0                __raw_notifier_call_chain
                0xc0318404                raw_notifier_call_chain
                0xc031842c                srcu_init_notifier_head
                0xc0318474                __srcu_notifier_call_chain
                0xc03184dc                srcu_notifier_call_chain
                0xc0318504                srcu_notifier_chain_register
                0xc03185a8                srcu_notifier_chain_unregister
                0xc031865c                __blocking_notifier_call_chain
                0xc03186c8                blocking_notifier_call_chain
                0xc03186f0                blocking_notifier_chain_unregister
                0xc031879c                unregister_reboot_notifier
                0xc03187bc                blocking_notifier_chain_cond_register
                0xc0318820                blocking_notifier_chain_register
                0xc03188c4                register_reboot_notifier
                0xc03188e4                __atomic_notifier_call_chain
                0xc0318944                atomic_notifier_call_chain
                0xc031896c                notify_die
                0xc03189b4                atomic_notifier_chain_register
                0xc0318a48                register_die_notifier
                0xc0318a70                atomic_notifier_chain_unregister
                0xc0318b0c                unregister_die_notifier
                0xc0318b98                pm_qos_requirement
                0xc0318bec                pm_qos_remove_notifier
                0xc0318c10                pm_qos_add_notifier
                0xc0318d0c                pm_qos_remove_requirement
                0xc0318e54                pm_qos_update_requirement
                0xc0318fd0                pm_qos_add_requirement
                0xc0319194                sched_clock
                0xc03191c4                sched_clock_init
                0xc03191e4                sched_clock_cpu
                0xc0319224                cpu_clock
                0xc03194b4                sysctl_check_table
                0xc0319bdc                update_xtime_cache
                0xc0319d44                read_persistent_clock
                0xc0319d58                monotonic_to_bootbased
                0xc0319d80                get_seconds
                0xc0319d9c                current_kernel_time
                0xc0319dd8                timekeeping_valid_for_hres
                0xc0319e18                getrawmonotonic
                0xc0319f00                getnstimeofday
                0xc0319ff8                do_gettimeofday
                0xc031a230                getboottime
                0xc031a264                update_wall_time
                0xc031a94c                do_settimeofday
                0xc031ab78                ntp_clear
                0xc031abd4                second_overflow
                0xc031aec8                do_adjtimex
                0xc031b5f0                clocksource_touch_watchdog
                0xc031b764                clocksource_unregister
                0xc031b840                clocksource_get_next
                0xc031b8d8                clocksource_resume
                0xc031bba4                clocksource_change_rating
                0xc031bc74                clocksource_register
                0xc031c9c4                sysrq_timer_list_show
                0xc031c9e0                clockevents_set_mode
                0xc031ca18                clockevents_shutdown
                0xc031ca40                clockevents_handle_noop
                0xc031ca50                clockevents_exchange_device
                0xc031caec                clockevents_notify
                0xc031cba8                clockevents_register_device
                0xc031ccc4                clockevents_program_event
                0xc031ce00                clockevents_register_notifier
                0xc031ce5c                clockevent_delta2ns
                0xc031cedc                tick_get_device
                0xc031cef4                tick_is_oneshot_available
                0xc031cf20                tick_setup_periodic
                0xc031d464                tick_handle_periodic
                0xc031d54c                tick_switch_to_oneshot
                0xc031d5f0                tick_init_highres
                0xc031d60c                tick_dev_program_event
                0xc031d6e8                tick_setup_oneshot
                0xc031d730                tick_program_event
                0xc031d76c                tick_resume_oneshot
                0xc031d7ac                tick_get_tick_sched
                0xc031d7c4                tick_check_idle
                0xc031d7d4                tick_clock_notify
                0xc031d808                tick_oneshot_notify
                0xc031d83c                tick_check_oneshot_change
                0xc031d8b0                tick_cancel_sched_timer
                0xc031d8e4                tick_setup_sched_timer
                0xc031de70                sys_set_robust_list
                0xc031eed8                handle_futex_death
                0xc031efcc                exit_pi_state_list
                0xc031f1ac                exit_robust_list
                0xc031fca0                do_futex
                0xc03206e8                sys_futex
                0xc0320828                sys_get_robust_list
                0xc0320948                __rt_mutex_init
                0xc0320970                rt_mutex_init_proxy_locked
                0xc0320994                rt_mutex_proxy_unlock
                0xc03209bc                rt_mutex_next_owner
                0xc0320a00                rt_mutex_getprio
                0xc0320a30                rt_mutex_destroy
                0xc0321168                rt_mutex_timed_lock
                0xc0321188                rt_mutex_adjust_pi
                0xc0321274                sys_getresuid16
                0xc0321340                sys_getresgid16
                0xc032140c                sys_getuid16
                0xc0321450                sys_geteuid16
                0xc0321494                sys_getgid16
                0xc03214d8                sys_getegid16
                0xc032151c                sys_getgroups16
                0xc0321638                sys_setgroups16
                0xc032175c                sys_setfsgid16
                0xc0321780                sys_setfsuid16
                0xc03217a4                sys_setresgid16
                0xc03217d8                sys_setresuid16
                0xc032180c                sys_setuid16
                0xc0321830                sys_setreuid16
                0xc032185c                sys_setgid16
                0xc0321880                sys_setregid16
                0xc03218ac                sys_fchown16
                0xc03218d8                sys_lchown16
                0xc0321904                sys_chown16
                0xc03219a0                module_refcount
                0xc0321aa8                __module_text_address
                0xc0321d34                print_modules
                0xc0321e18                module_text_address
                0xc0321e68                is_module_address
                0xc0321f38                search_module_extables
                0xc0322268                module_kallsyms_lookup_name
                0xc0322490                module_get_kallsym
                0xc03225f0                lookup_module_symbol_attrs
                0xc0322740                lookup_module_symbol_name
                0xc0322860                module_address_lookup
                0xc0322cac                mod_sysfs_init
                0xc0322d80                module_remove_modinfo_attrs
                0xc0322de4                module_add_modinfo_attrs
                0xc0322e98                mod_sysfs_setup
                0xc0322f1c                module_put
                0xc0323060                symbol_put_addr
                0xc032309c                __module_put_and_exit
                0xc03230b8                unregister_module_notifier
                0xc03230d8                register_module_notifier
                0xc03232e4                __symbol_get
                0xc03233e8                __symbol_put
                0xc03249e0                sys_init_module
                0xc0324b64                sys_delete_module
                0xc0325294                lookup_symbol_attrs
                0xc03253ac                lookup_symbol_name
                0xc03254a0                kallsyms_lookup
                0xc03255c8                sprint_symbol
                0xc0325680                __print_symbol
                0xc03256b4                kallsyms_lookup_size_offset
                0xc0325718                kallsyms_lookup_name
                0xc032585c                no_action
                0xc0325a94                handle_bad_irq
                0xc0325cb8                handle_IRQ_event
                0xc0325d3c                can_request_irq
                0xc0325db0                compat_irq_chip_set_default_handler
                0xc0325dd8                disable_irq_nosync
                0xc0325e90                disable_irq
                0xc0325edc                __irq_set_trigger
                0xc0325f5c                set_irq_wake
                0xc03263c4                request_irq
                0xc03264b4                setup_irq
                0xc03264f0                enable_irq
                0xc0326584                free_irq
                0xc032670c                noirqdebug_setup
                0xc0326a08                note_interrupt
                0xc0326cb4                check_irq_resend
                0xc0326e4c                irq_chip_set_defaults
                0xc0326ee8                __set_irq_handler
                0xc0327094                set_irq_chip_data
                0xc032715c                set_irq_msi
                0xc0327210                set_irq_data
                0xc03272bc                handle_percpu_irq
                0xc0327348                handle_edge_irq
                0xc03274fc                handle_fasteoi_irq
                0xc032764c                handle_level_irq
                0xc03277bc                handle_simple_irq
                0xc03278d0                set_irq_type
                0xc0327998                set_irq_chip
                0xc0327a6c                set_irq_chip_and_handler_name
                0xc0327aa0                set_irq_chip_and_handler
                0xc0327ad0                dynamic_irq_cleanup
                0xc0327bf8                dynamic_irq_init
                0xc0327d40                devm_free_irq
                0xc0327da8                devm_request_irq
                0xc0327e34                probe_irq_off
                0xc0327f14                probe_irq_mask
                0xc0327fec                probe_irq_on
                0xc0328250                unregister_handler_proc
                0xc032829c                register_irq_proc
                0xc032834c                init_irq_proc
                0xc0328428                register_handler_proc
                0xc032856c                rcu_batches_completed
                0xc0328588                rcu_batches_completed_bh
                0xc03285a4                rcu_pending
                0xc03286ec                rcu_needs_cpu
                0xc0328730                call_rcu_bh
                0xc032880c                call_rcu
                0xc0328cf4                rcu_check_callbacks
                0xc0328f3c                dma_release_from_coherent
                0xc0328fa0                dma_alloc_from_coherent
                0xc032903c                dma_mark_declared_memory_occupied
                0xc03290a4                dma_release_declared_memory
                0xc03290e0                dma_declare_coherent_memory
 .text          0xc03291cc    0x27e00 mm/built-in.o
                0xc03291cc                iov_iter_single_seg_count
                0xc0329204                pagecache_write_begin
                0xc0329248                iov_iter_fault_in_readable
                0xc03292cc                iov_iter_advance
                0xc0329388                generic_segment_checks
                0xc032941c                try_to_release_page
                0xc0329480                pagecache_write_end
                0xc03294ec                generic_write_checks
                0xc0329798                iov_iter_copy_from_user
                0xc0329870                iov_iter_copy_from_user_atomic
                0xc03299b4                should_remove_suid
                0xc0329a08                file_remove_suid
                0xc0329a78                generic_file_mmap
                0xc0329ad8                generic_file_readonly_mmap
                0xc0329b00                sys_readahead
                0xc0329bc0                file_read_actor
                0xc0329d18                find_get_pages_tag
                0xc0329e44                find_get_pages_contig
                0xc0329f68                find_get_pages
                0xc032a070                find_get_page
                0xc032a134                __lock_page_nosync
                0xc032a1f0                __lock_page_killable
                0xc032a2ac                __lock_page
                0xc032a424                end_page_writeback
                0xc032a4cc                unlock_page
                0xc032a54c                find_lock_page
                0xc032a5c4                wait_on_page_bit
                0xc032a6ac                add_to_page_cache_locked
                0xc032a830                add_to_page_cache_lru
                0xc032a8b8                __grab_cache_page
                0xc032a93c                read_cache_page_async
                0xc032aa98                read_cache_page
                0xc032aaec                filemap_fault
                0xc032af40                grab_cache_page_nowait
                0xc032afe8                find_or_create_page
                0xc032b06c                wait_on_page_writeback_range
                0xc032b1a8                filemap_fdatawait
                0xc032b224                __filemap_fdatawrite_range
                0xc032b29c                filemap_write_and_wait_range
                0xc032b318                filemap_flush
                0xc032b350                filemap_fdatawrite
                0xc032b388                filemap_write_and_wait
                0xc032b3cc                generic_file_buffered_write
                0xc032b6b8                generic_file_direct_write
                0xc032be38                filemap_fdatawrite_range
                0xc032be64                sync_page_range_nolock
                0xc032bf0c                generic_file_aio_write_nolock
                0xc032bfc0                sync_page_range
                0xc032c090                generic_file_aio_write
                0xc032c174                __remove_from_page_cache
                0xc032c2f4                remove_from_page_cache
                0xc032c368                generic_file_aio_read
                0xc032c9f4                mempool_free_pages
                0xc032ca08                mempool_alloc_pages
                0xc032ca34                mempool_kfree
                0xc032caa8                mempool_destroy
                0xc032cad4                mempool_alloc_slab
                0xc032caf4                mempool_kzalloc
                0xc032cb14                mempool_kmalloc
                0xc032cb34                mempool_free_slab
                0xc032cb54                mempool_free
                0xc032cc40                mempool_alloc
                0xc032cda0                mempool_resize
                0xc032d034                mempool_create_node
                0xc032d120                mempool_create
                0xc032d2e4                try_set_zone_oom
                0xc032d3f0                clear_zonelist_oom
                0xc032d4ac                unregister_oom_notifier
                0xc032d4cc                register_oom_notifier
                0xc032d4ec                badness
                0xc032d8b0                out_of_memory
                0xc032daf0                sys_fadvise64_64
                0xc032dcf4                probe_kernel_write
                0xc032dda4                probe_kernel_read
                0xc032de54                prep_compound_page
                0xc032e030                split_page
                0xc032e068                zone_watermark_ok
                0xc032e0fc                get_pageblock_flags_group
                0xc032e1a0                set_pageblock_flags_group
                0xc032e570                unset_migratetype_isolate
                0xc032e874                lowmem_reserve_ratio_sysctl_handler
                0xc032e8a8                percpu_pagelist_fraction_sysctl_handler
                0xc032e93c                setup_per_zone_inactive_ratio
                0xc032e988                setup_per_zone_pages_min
                0xc032ebfc                min_free_kbytes_sysctl_handler
                0xc032ee70                show_free_areas
                0xc032f160                si_meminfo
                0xc032f22c                nr_free_pagecache_pages
                0xc032f244                build_all_zonelists
                0xc032f32c                nr_free_buffer_pages
                0xc0330128                drain_local_pages
                0xc0330188                drain_all_pages
                0xc03301b8                set_migratetype_isolate
                0xc03302a4                __alloc_pages_internal
                0xc033068c                get_zeroed_page
                0xc03306ec                __get_free_pages
                0xc03309f0                __pagevec_free
                0xc0330a28                free_cold_page
                0xc0330a40                free_hot_page
                0xc0330a58                __free_pages
                0xc0330aa0                free_pages